-initWithName:reason:userInfo:
@1848: @1848 { {} }
@1848: @1848 { {
   a = 1;
   b = 2;
   c = 1848;
} }
@1848: @1848 { (nil) }
@1848:  { {} }
@1848:  { {
   a = 1;
   b = 2;
   c = 1848;
} }
@1848:  { (nil) }
@1848: VfL Bochum { {} }
@1848: VfL Bochum { {
   a = 1;
   b = 2;
   c = 1848;
} }
@1848: VfL Bochum { (nil) }
@1848: Lorem ipsum dolor sit amet, consectetur adipisici elit, sed eiusmod tempor incidunt ut labore et dolore magna aliqua. Ut enim ad minim veniam, quis nostrud exercitation ullamco laboris nisi ut aliquid ex ea commodi consequat. Quis aute iure reprehenderit in voluptate velit esse cillum dolore eu fugiat nulla pariatur. { {} }
@1848: Lorem ipsum dolor sit amet, consectetur adipisici elit, sed eiusmod tempor incidunt ut labore et dolore magna aliqua. Ut enim ad minim veniam, quis nostrud exercitation ullamco laboris nisi ut aliquid ex ea commodi consequat. Quis aute iure reprehenderit in voluptate velit esse cillum dolore eu fugiat nulla pariatur. { {
   a = 1;
   b = 2;
   c = 1848;
} }
@1848: Lorem ipsum dolor sit amet, consectetur adipisici elit, sed eiusmod tempor incidunt ut labore et dolore magna aliqua. Ut enim ad minim veniam, quis nostrud exercitation ullamco laboris nisi ut aliquid ex ea commodi consequat. Quis aute iure reprehenderit in voluptate velit esse cillum dolore eu fugiat nulla pariatur. { (nil) }
@1848: ☄️☃️👍🏾 { {} }
@1848: ☄️☃️👍🏾 { {
   a = 1;
   b = 2;
   c = 1848;
} }
@1848: ☄️☃️👍🏾 { (nil) }
@1848: (nil) { {} }
@1848: (nil) { {
   a = 1;
   b = 2;
   c = 1848;
} }
@1848: (nil) { (nil) }
: @1848 { {} }
: @1848 { {
   a = 1;
   b = 2;
   c = 1848;
} }
: @1848 { (nil) }
:  { {} }
:  { {
   a = 1;
   b = 2;
   c = 1848;
} }
:  { (nil) }
: VfL Bochum { {} }
: VfL Bochum { {
   a = 1;
   b = 2;
   c = 1848;
} }
: VfL Bochum { (nil) }
: Lorem ipsum dolor sit amet, consectetur adipisici elit, sed eiusmod tempor incidunt ut labore et dolore magna aliqua. Ut enim ad minim veniam, quis nostrud exercitation ullamco laboris nisi ut aliquid ex ea commodi consequat. Quis aute iure reprehenderit in voluptate velit esse cillum dolore eu fugiat nulla pariatur. { {} }
: Lorem ipsum dolor sit amet, consectetur adipisici elit, sed eiusmod tempor incidunt ut labore et dolore magna aliqua. Ut enim ad minim veniam, quis nostrud exercitation ullamco laboris nisi ut aliquid ex ea commodi consequat. Quis aute iure reprehenderit in voluptate velit esse cillum dolore eu fugiat nulla pariatur. { {
   a = 1;
   b = 2;
   c = 1848;
} }
: Lorem ipsum dolor sit amet, consectetur adipisici elit, sed eiusmod tempor incidunt ut labore et dolore magna aliqua. Ut enim ad minim veniam, quis nostrud exercitation ullamco laboris nisi ut aliquid ex ea commodi consequat. Quis aute iure reprehenderit in voluptate velit esse cillum dolore eu fugiat nulla pariatur. { (nil) }
: ☄️☃️👍🏾 { {} }
: ☄️☃️👍🏾 { {
   a = 1;
   b = 2;
   c = 1848;
} }
: ☄️☃️👍🏾 { (nil) }
: (nil) { {} }
: (nil) { {
   a = 1;
   b = 2;
   c = 1848;
} }
: (nil) { (nil) }
VfL Bochum: @1848 { {} }
VfL Bochum: @1848 { {
   a = 1;
   b = 2;
   c = 1848;
} }
VfL Bochum: @1848 { (nil) }
VfL Bochum:  { {} }
VfL Bochum:  { {
   a = 1;
   b = 2;
   c = 1848;
} }
VfL Bochum:  { (nil) }
VfL Bochum: VfL Bochum { {} }
VfL Bochum: VfL Bochum { {
   a = 1;
   b = 2;
   c = 1848;
} }
VfL Bochum: VfL Bochum { (nil) }
VfL Bochum: Lorem ipsum dolor sit amet, consectetur adipisici elit, sed eiusmod tempor incidunt ut labore et dolore magna aliqua. Ut enim ad minim veniam, quis nostrud exercitation ullamco laboris nisi ut aliquid ex ea commodi consequat. Quis aute iure reprehenderit in voluptate velit esse cillum dolore eu fugiat nulla pariatur. { {} }
VfL Bochum: Lorem ipsum dolor sit amet, consectetur adipisici elit, sed eiusmod tempor incidunt ut labore et dolore magna aliqua. Ut enim ad minim veniam, quis nostrud exercitation ullamco laboris nisi ut aliquid ex ea commodi consequat. Quis aute iure reprehenderit in voluptate velit esse cillum dolore eu fugiat nulla pariatur. { {
   a = 1;
   b = 2;
   c = 1848;
} }
VfL Bochum: Lorem ipsum dolor sit amet, consectetur adipisici elit, sed eiusmod tempor incidunt ut labore et dolore magna aliqua. Ut enim ad minim veniam, quis nostrud exercitation ullamco laboris nisi ut aliquid ex ea commodi consequat. Quis aute iure reprehenderit in voluptate velit esse cillum dolore eu fugiat nulla pariatur. { (nil) }
VfL Bochum: ☄️☃️👍🏾 { {} }
VfL Bochum: ☄️☃️👍🏾 { {
   a = 1;
   b = 2;
   c = 1848;
} }
VfL Bochum: ☄️☃️👍🏾 { (nil) }
VfL Bochum: (nil) { {} }
VfL Bochum: (nil) { {
   a = 1;
   b = 2;
   c = 1848;
} }
VfL Bochum: (nil) { (nil) }
Lorem ipsum dolor sit amet, consectetur adipisici elit, sed eiusmod tempor incidunt ut labore et dolore magna aliqua. Ut enim ad minim veniam, quis nostrud exercitation ullamco laboris nisi ut aliquid ex ea commodi consequat. Quis aute iure reprehenderit in voluptate velit esse cillum dolore eu fugiat nulla pariatur.: @1848 { {} }
Lorem ipsum dolor sit amet, consectetur adipisici elit, sed eiusmod tempor incidunt ut labore et dolore magna aliqua. Ut enim ad minim veniam, quis nostrud exercitation ullamco laboris nisi ut aliquid ex ea commodi consequat. Quis aute iure reprehenderit in voluptate velit esse cillum dolore eu fugiat nulla pariatur.: @1848 { {
   a = 1;
   b = 2;
   c = 1848;
} }
Lorem ipsum dolor sit amet, consectetur adipisici elit, sed eiusmod tempor incidunt ut labore et dolore magna aliqua. Ut enim ad minim veniam, quis nostrud exercitation ullamco laboris nisi ut aliquid ex ea commodi consequat. Quis aute iure reprehenderit in voluptate velit esse cillum dolore eu fugiat nulla pariatur.: @1848 { (nil) }
Lorem ipsum dolor sit amet, consectetur adipisici elit, sed eiusmod tempor incidunt ut labore et dolore magna aliqua. Ut enim ad minim veniam, quis nostrud exercitation ullamco laboris nisi ut aliquid ex ea commodi consequat. Quis aute iure reprehenderit in voluptate velit esse cillum dolore eu fugiat nulla pariatur.:  { {} }
Lorem ipsum dolor sit amet, consectetur adipisici elit, sed eiusmod tempor incidunt ut labore et dolore magna aliqua. Ut enim ad minim veniam, quis nostrud exercitation ullamco laboris nisi ut aliquid ex ea commodi consequat. Quis aute iure reprehenderit in voluptate velit esse cillum dolore eu fugiat nulla pariatur.:  { {
   a = 1;
   b = 2;
   c = 1848;
} }
Lorem ipsum dolor sit amet, consectetur adipisici elit, sed eiusmod tempor incidunt ut labore et dolore magna aliqua. Ut enim ad minim veniam, quis nostrud exercitation ullamco laboris nisi ut aliquid ex ea commodi consequat. Quis aute iure reprehenderit in voluptate velit esse cillum dolore eu fugiat nulla pariatur.:  { (nil) }
Lorem ipsum dolor sit amet, consectetur adipisici elit, sed eiusmod tempor incidunt ut labore et dolore magna aliqua. Ut enim ad minim veniam, quis nostrud exercitation ullamco laboris nisi ut aliquid ex ea commodi consequat. Quis aute iure reprehenderit in voluptate velit esse cillum dolore eu fugiat nulla pariatur.: VfL Bochum { {} }
Lorem ipsum dolor sit amet, consectetur adipisici elit, sed eiusmod tempor incidunt ut labore et dolore magna aliqua. Ut enim ad minim veniam, quis nostrud exercitation ullamco laboris nisi ut aliquid ex ea commodi consequat. Quis aute iure reprehenderit in voluptate velit esse cillum dolore eu fugiat nulla pariatur.: VfL Bochum { {
   a = 1;
   b = 2;
   c = 1848;
} }
Lorem ipsum dolor sit amet, consectetur adipisici elit, sed eiusmod tempor incidunt ut labore et dolore magna aliqua. Ut enim ad minim veniam, quis nostrud exercitation ullamco laboris nisi ut aliquid ex ea commodi consequat. Quis aute iure reprehenderit in voluptate velit esse cillum dolore eu fugiat nulla pariatur.: VfL Bochum { (nil) }
Lorem ipsum dolor sit amet, consectetur adipisici elit, sed eiusmod tempor incidunt ut labore et dolore magna aliqua. Ut enim ad minim veniam, quis nostrud exercitation ullamco laboris nisi ut aliquid ex ea commodi consequat. Quis aute iure reprehenderit in voluptate velit esse cillum dolore eu fugiat nulla pariatur.: Lorem ipsum dolor sit amet, consectetur adipisici elit, sed eiusmod tempor incidunt ut labore et dolore magna aliqua. Ut enim ad minim veniam, quis nostrud exercitation ullamco laboris nisi ut aliquid ex ea commodi consequat. Quis aute iure reprehenderit in voluptate velit esse cillum dolore eu fugiat nulla pariatur. { {} }
Lorem ipsum dolor sit amet, consectetur adipisici elit, sed eiusmod tempor incidunt ut labore et dolore magna aliqua. Ut enim ad minim veniam, quis nostrud exercitation ullamco laboris nisi ut aliquid ex ea commodi consequat. Quis aute iure reprehenderit in voluptate velit esse cillum dolore eu fugiat nulla pariatur.: Lorem ipsum dolor sit amet, consectetur adipisici elit, sed eiusmod tempor incidunt ut labore et dolore magna aliqua. Ut enim ad minim veniam, quis nostrud exercitation ullamco laboris nisi ut aliquid ex ea commodi consequat. Quis aute iure reprehenderit in voluptate velit esse cillum dolore eu fugiat nulla pariatur. { {
   a = 1;
   b = 2;
   c = 1848;
} }
Lorem ipsum dolor sit amet, consectetur adipisici elit, sed eiusmod tempor incidunt ut labore et dolore magna aliqua. Ut enim ad minim veniam, quis nostrud exercitation ullamco laboris nisi ut aliquid ex ea commodi consequat. Quis aute iure reprehenderit in voluptate velit esse cillum dolore eu fugiat nulla pariatur.: Lorem ipsum dolor sit amet, consectetur adipisici elit, sed eiusmod tempor incidunt ut labore et dolore magna aliqua. Ut enim ad minim veniam, quis nostrud exercitation ullamco laboris nisi ut aliquid ex ea commodi consequat. Quis aute iure reprehenderit in voluptate velit esse cillum dolore eu fugiat nulla pariatur. { (nil) }
Lorem ipsum dolor sit amet, consectetur adipisici elit, sed eiusmod tempor incidunt ut labore et dolore magna aliqua. Ut enim ad minim veniam, quis nostrud exercitation ullamco laboris nisi ut aliquid ex ea commodi consequat. Quis aute iure reprehenderit in voluptate velit esse cillum dolore eu fugiat nulla pariatur.: ☄️☃️👍🏾 { {} }
Lorem ipsum dolor sit amet, consectetur adipisici elit, sed eiusmod tempor incidunt ut labore et dolore magna aliqua. Ut enim ad minim veniam, quis nostrud exercitation ullamco laboris nisi ut aliquid ex ea commodi consequat. Quis aute iure reprehenderit in voluptate velit esse cillum dolore eu fugiat nulla pariatur.: ☄️☃️👍🏾 { {
   a = 1;
   b = 2;
   c = 1848;
} }
Lorem ipsum dolor sit amet, consectetur adipisici elit, sed eiusmod tempor incidunt ut labore et dolore magna aliqua. Ut enim ad minim veniam, quis nostrud exercitation ullamco laboris nisi ut aliquid ex ea commodi consequat. Quis aute iure reprehenderit in voluptate velit esse cillum dolore eu fugiat nulla pariatur.: ☄️☃️👍🏾 { (nil) }
Lorem ipsum dolor sit amet, consectetur adipisici elit, sed eiusmod tempor incidunt ut labore et dolore magna aliqua. Ut enim ad minim veniam, quis nostrud exercitation ullamco laboris nisi ut aliquid ex ea commodi consequat. Quis aute iure reprehenderit in voluptate velit esse cillum dolore eu fugiat nulla pariatur.: (nil) { {} }
Lorem ipsum dolor sit amet, consectetur adipisici elit, sed eiusmod tempor incidunt ut labore et dolore magna aliqua. Ut enim ad minim veniam, quis nostrud exercitation ullamco laboris nisi ut aliquid ex ea commodi consequat. Quis aute iure reprehenderit in voluptate velit esse cillum dolore eu fugiat nulla pariatur.: (nil) { {
   a = 1;
   b = 2;
   c = 1848;
} }
Lorem ipsum dolor sit amet, consectetur adipisici elit, sed eiusmod tempor incidunt ut labore et dolore magna aliqua. Ut enim ad minim veniam, quis nostrud exercitation ullamco laboris nisi ut aliquid ex ea commodi consequat. Quis aute iure reprehenderit in voluptate velit esse cillum dolore eu fugiat nulla pariatur.: (nil) { (nil) }
☄️☃️👍🏾: @1848 { {} }
☄️☃️👍🏾: @1848 { {
   a = 1;
   b = 2;
   c = 1848;
} }
☄️☃️👍🏾: @1848 { (nil) }
☄️☃️👍🏾:  { {} }
☄️☃️👍🏾:  { {
   a = 1;
   b = 2;
   c = 1848;
} }
☄️☃️👍🏾:  { (nil) }
☄️☃️👍🏾: VfL Bochum { {} }
☄️☃️👍🏾: VfL Bochum { {
   a = 1;
   b = 2;
   c = 1848;
} }
☄️☃️👍🏾: VfL Bochum { (nil) }
☄️☃️👍🏾: Lorem ipsum dolor sit amet, consectetur adipisici elit, sed eiusmod tempor incidunt ut labore et dolore magna aliqua. Ut enim ad minim veniam, quis nostrud exercitation ullamco laboris nisi ut aliquid ex ea commodi consequat. Quis aute iure reprehenderit in voluptate velit esse cillum dolore eu fugiat nulla pariatur. { {} }
☄️☃️👍🏾: Lorem ipsum dolor sit amet, consectetur adipisici elit, sed eiusmod tempor incidunt ut labore et dolore magna aliqua. Ut enim ad minim veniam, quis nostrud exercitation ullamco laboris nisi ut aliquid ex ea commodi consequat. Quis aute iure reprehenderit in voluptate velit esse cillum dolore eu fugiat nulla pariatur. { {
   a = 1;
   b = 2;
   c = 1848;
} }
☄️☃️👍🏾: Lorem ipsum dolor sit amet, consectetur adipisici elit, sed eiusmod tempor incidunt ut labore et dolore magna aliqua. Ut enim ad minim veniam, quis nostrud exercitation ullamco laboris nisi ut aliquid ex ea commodi consequat. Quis aute iure reprehenderit in voluptate velit esse cillum dolore eu fugiat nulla pariatur. { (nil) }
☄️☃️👍🏾: ☄️☃️👍🏾 { {} }
☄️☃️👍🏾: ☄️☃️👍🏾 { {
   a = 1;
   b = 2;
   c = 1848;
} }
☄️☃️👍🏾: ☄️☃️👍🏾 { (nil) }
☄️☃️👍🏾: (nil) { {} }
☄️☃️👍🏾: (nil) { {
   a = 1;
   b = 2;
   c = 1848;
} }
☄️☃️👍🏾: (nil) { (nil) }
Threw a NSInvalidArgumentException exception
Threw a NSInvalidArgumentException exception
Threw a NSInvalidArgumentException exception
Threw a NSInvalidArgumentException exception
Threw a NSInvalidArgumentException exception
Threw a NSInvalidArgumentException exception
Threw a NSInvalidArgumentException exception
Threw a NSInvalidArgumentException exception
Threw a NSInvalidArgumentException exception
Threw a NSInvalidArgumentException exception
Threw a NSInvalidArgumentException exception
Threw a NSInvalidArgumentException exception
Threw a NSInvalidArgumentException exception
Threw a NSInvalidArgumentException exception
Threw a NSInvalidArgumentException exception
Threw a NSInvalidArgumentException exception
Threw a NSInvalidArgumentException exception
Threw a NSInvalidArgumentException exception
