-initWithBytesNoCopy:length:allocator:
<>
<>
<56664c20 426f6368 756d>
<4c6f7265 6d206970 73756d20 646f6c6f 72207369 7420616d 65742c20 636f6e73 65637465 74757220 61646970 69736963 6920656c 69742c20 73656420 65697573 6d6f6420 74656d70 6f722069 6e636964 756e7420 7574206c 61626f72 65206574 20646f6c 6f726520 6d61676e 6120616c 69717561 2e205574 20656e69 6d206164 206d696e 696d2076 656e6961 6d2c2071 75697320 6e6f7374 72756420 65786572 63697461 74696f6e 20756c6c 616d636f 206c6162 6f726973 206e6973 69207574 20616c69 71756964 20657820 65612063 6f6d6d6f 64692063 6f6e7365 71756174 2e205175 69732061 75746520 69757265 20726570 72656865 6e646572 69742069 6e20766f 6c757074 61746520 76656c69 74206573 73652063 696c6c75 6d20646f 6c6f7265 20657520 66756769 6174206e 756c6c61 20706172 69617475 722e>
<31383438>
<e29884ef b88fe298 83efb88f f09f918d f09f8fbe>
-initWithBytesNoCopy:length:freeWhenDone:
<>
<>
<>
<>
<56664c20 426f6368 756d>
<56664c20 426f6368 756d>
<4c6f7265 6d206970 73756d20 646f6c6f 72207369 7420616d 65742c20 636f6e73 65637465 74757220 61646970 69736963 6920656c 69742c20 73656420 65697573 6d6f6420 74656d70 6f722069 6e636964 756e7420 7574206c 61626f72 65206574 20646f6c 6f726520 6d61676e 6120616c 69717561 2e205574 20656e69 6d206164 206d696e 696d2076 656e6961 6d2c2071 75697320 6e6f7374 72756420 65786572 63697461 74696f6e 20756c6c 616d636f 206c6162 6f726973 206e6973 69207574 20616c69 71756964 20657820 65612063 6f6d6d6f 64692063 6f6e7365 71756174 2e205175 69732061 75746520 69757265 20726570 72656865 6e646572 69742069 6e20766f 6c757074 61746520 76656c69 74206573 73652063 696c6c75 6d20646f 6c6f7265 20657520 66756769 6174206e 756c6c61 20706172 69617475 722e>
<4c6f7265 6d206970 73756d20 646f6c6f 72207369 7420616d 65742c20 636f6e73 65637465 74757220 61646970 69736963 6920656c 69742c20 73656420 65697573 6d6f6420 74656d70 6f722069 6e636964 756e7420 7574206c 61626f72 65206574 20646f6c 6f726520 6d61676e 6120616c 69717561 2e205574 20656e69 6d206164 206d696e 696d2076 656e6961 6d2c2071 75697320 6e6f7374 72756420 65786572 63697461 74696f6e 20756c6c 616d636f 206c6162 6f726973 206e6973 69207574 20616c69 71756964 20657820 65612063 6f6d6d6f 64692063 6f6e7365 71756174 2e205175 69732061 75746520 69757265 20726570 72656865 6e646572 69742069 6e20766f 6c757074 61746520 76656c69 74206573 73652063 696c6c75 6d20646f 6c6f7265 20657520 66756769 6174206e 756c6c61 20706172 69617475 722e>
<31383438>
<31383438>
<e29884ef b88fe298 83efb88f f09f918d f09f8fbe>
<e29884ef b88fe298 83efb88f f09f918d f09f8fbe>
-init
<>
-initWithBytesNoCopy:length:
<>
<>
<56664c20 426f6368 756d>
<4c6f7265 6d206970 73756d20 646f6c6f 72207369 7420616d 65742c20 636f6e73 65637465 74757220 61646970 69736963 6920656c 69742c20 73656420 65697573 6d6f6420 74656d70 6f722069 6e636964 756e7420 7574206c 61626f72 65206574 20646f6c 6f726520 6d61676e 6120616c 69717561 2e205574 20656e69 6d206164 206d696e 696d2076 656e6961 6d2c2071 75697320 6e6f7374 72756420 65786572 63697461 74696f6e 20756c6c 616d636f 206c6162 6f726973 206e6973 69207574 20616c69 71756964 20657820 65612063 6f6d6d6f 64692063 6f6e7365 71756174 2e205175 69732061 75746520 69757265 20726570 72656865 6e646572 69742069 6e20766f 6c757074 61746520 76656c69 74206573 73652063 696c6c75 6d20646f 6c6f7265 20657520 66756769 6174206e 756c6c61 20706172 69617475 722e>
<31383438>
<e29884ef b88fe298 83efb88f f09f918d f09f8fbe>
-initWithData:
<>
<>
<e29884ef b88fe298 83efb88f f09f918d f09f8f>
-initWithBytesNoCopy:length:owner:
<>
<>
<>
<>
<>
<>
<>
<>
<>
<>
<56664c20 426f6368 756d>
<56664c20 426f6368 756d>
<56664c20 426f6368 756d>
<56664c20 426f6368 756d>
<56664c20 426f6368 756d>
<4c6f7265 6d206970 73756d20 646f6c6f 72207369 7420616d 65742c20 636f6e73 65637465 74757220 61646970 69736963 6920656c 69742c20 73656420 65697573 6d6f6420 74656d70 6f722069 6e636964 756e7420 7574206c 61626f72 65206574 20646f6c 6f726520 6d61676e 6120616c 69717561 2e205574 20656e69 6d206164 206d696e 696d2076 656e6961 6d2c2071 75697320 6e6f7374 72756420 65786572 63697461 74696f6e 20756c6c 616d636f 206c6162 6f726973 206e6973 69207574 20616c69 71756964 20657820 65612063 6f6d6d6f 64692063 6f6e7365 71756174 2e205175 69732061 75746520 69757265 20726570 72656865 6e646572 69742069 6e20766f 6c757074 61746520 76656c69 74206573 73652063 696c6c75 6d20646f 6c6f7265 20657520 66756769 6174206e 756c6c61 20706172 69617475 722e>
<4c6f7265 6d206970 73756d20 646f6c6f 72207369 7420616d 65742c20 636f6e73 65637465 74757220 61646970 69736963 6920656c 69742c20 73656420 65697573 6d6f6420 74656d70 6f722069 6e636964 756e7420 7574206c 61626f72 65206574 20646f6c 6f726520 6d61676e 6120616c 69717561 2e205574 20656e69 6d206164 206d696e 696d2076 656e6961 6d2c2071 75697320 6e6f7374 72756420 65786572 63697461 74696f6e 20756c6c 616d636f 206c6162 6f726973 206e6973 69207574 20616c69 71756964 20657820 65612063 6f6d6d6f 64692063 6f6e7365 71756174 2e205175 69732061 75746520 69757265 20726570 72656865 6e646572 69742069 6e20766f 6c757074 61746520 76656c69 74206573 73652063 696c6c75 6d20646f 6c6f7265 20657520 66756769 6174206e 756c6c61 20706172 69617475 722e>
<4c6f7265 6d206970 73756d20 646f6c6f 72207369 7420616d 65742c20 636f6e73 65637465 74757220 61646970 69736963 6920656c 69742c20 73656420 65697573 6d6f6420 74656d70 6f722069 6e636964 756e7420 7574206c 61626f72 65206574 20646f6c 6f726520 6d61676e 6120616c 69717561 2e205574 20656e69 6d206164 206d696e 696d2076 656e6961 6d2c2071 75697320 6e6f7374 72756420 65786572 63697461 74696f6e 20756c6c 616d636f 206c6162 6f726973 206e6973 69207574 20616c69 71756964 20657820 65612063 6f6d6d6f 64692063 6f6e7365 71756174 2e205175 69732061 75746520 69757265 20726570 72656865 6e646572 69742069 6e20766f 6c757074 61746520 76656c69 74206573 73652063 696c6c75 6d20646f 6c6f7265 20657520 66756769 6174206e 756c6c61 20706172 69617475 722e>
<4c6f7265 6d206970 73756d20 646f6c6f 72207369 7420616d 65742c20 636f6e73 65637465 74757220 61646970 69736963 6920656c 69742c20 73656420 65697573 6d6f6420 74656d70 6f722069 6e636964 756e7420 7574206c 61626f72 65206574 20646f6c 6f726520 6d61676e 6120616c 69717561 2e205574 20656e69 6d206164 206d696e 696d2076 656e6961 6d2c2071 75697320 6e6f7374 72756420 65786572 63697461 74696f6e 20756c6c 616d636f 206c6162 6f726973 206e6973 69207574 20616c69 71756964 20657820 65612063 6f6d6d6f 64692063 6f6e7365 71756174 2e205175 69732061 75746520 69757265 20726570 72656865 6e646572 69742069 6e20766f 6c757074 61746520 76656c69 74206573 73652063 696c6c75 6d20646f 6c6f7265 20657520 66756769 6174206e 756c6c61 20706172 69617475 722e>
<4c6f7265 6d206970 73756d20 646f6c6f 72207369 7420616d 65742c20 636f6e73 65637465 74757220 61646970 69736963 6920656c 69742c20 73656420 65697573 6d6f6420 74656d70 6f722069 6e636964 756e7420 7574206c 61626f72 65206574 20646f6c 6f726520 6d61676e 6120616c 69717561 2e205574 20656e69 6d206164 206d696e 696d2076 656e6961 6d2c2071 75697320 6e6f7374 72756420 65786572 63697461 74696f6e 20756c6c 616d636f 206c6162 6f726973 206e6973 69207574 20616c69 71756964 20657820 65612063 6f6d6d6f 64692063 6f6e7365 71756174 2e205175 69732061 75746520 69757265 20726570 72656865 6e646572 69742069 6e20766f 6c757074 61746520 76656c69 74206573 73652063 696c6c75 6d20646f 6c6f7265 20657520 66756769 6174206e 756c6c61 20706172 69617475 722e>
<31383438>
<31383438>
<31383438>
<31383438>
<31383438>
<e29884ef b88fe298 83efb88f f09f918d f09f8fbe>
<e29884ef b88fe298 83efb88f f09f918d f09f8fbe>
<e29884ef b88fe298 83efb88f f09f918d f09f8fbe>
<e29884ef b88fe298 83efb88f f09f918d f09f8fbe>
<e29884ef b88fe298 83efb88f f09f918d f09f8fbe>
-initWithBytes:length:
<>
<>
<56664c20 426f6368 756d>
<4c6f7265 6d206970 73756d20 646f6c6f 72207369 7420616d 65742c20 636f6e73 65637465 74757220 61646970 69736963 6920656c 69742c20 73656420 65697573 6d6f6420 74656d70 6f722069 6e636964 756e7420 7574206c 61626f72 65206574 20646f6c 6f726520 6d61676e 6120616c 69717561 2e205574 20656e69 6d206164 206d696e 696d2076 656e6961 6d2c2071 75697320 6e6f7374 72756420 65786572 63697461 74696f6e 20756c6c 616d636f 206c6162 6f726973 206e6973 69207574 20616c69 71756964 20657820 65612063 6f6d6d6f 64692063 6f6e7365 71756174 2e205175 69732061 75746520 69757265 20726570 72656865 6e646572 69742069 6e20766f 6c757074 61746520 76656c69 74206573 73652063 696c6c75 6d20646f 6c6f7265 20657520 66756769 6174206e 756c6c61 20706172 69617475 722e>
<31383438>
<e29884ef b88fe298 83efb88f f09f918d f09f8fbe>
