{ 2, 4 }
{ 15, 4 }
{ 11, 3 }
{ NSNotFound, 0 }
{ 4, 6 }
