L Bochum 1


48
848 
1848 m
 1848 mÃ¶
m 1848 mÃ¶h
um 1848 mÃ¶hp
hum 1848 mÃ¶hp 
chum 1848 mÃ¶hp ğŸ‘£
ochum 1848 mÃ¶hp ğŸ‘£#
Bochum 1848 mÃ¶hp ğŸ‘£#A
 Bochum 1848 mÃ¶hp ğŸ‘£#AB
L Bochum 1848 mÃ¶hp ğŸ‘£#ABC
fL Bochum 1848 mÃ¶hp ğŸ‘£#ABCâ‚¬
