{
    root = "/";
}
/
/i/should/be/quoted/but/pbxproj/is/dumb/
NOT_QUOTED_THOUGH_UNDERSCORE
{
    41F6FBAF1BC3FE99000C60B2 = {
        fileRef = 412167BB12D8A57E00D49F14;
        isa = PBXBuildFile;
        settings = {
            ATTRIBUTES = (
                Public
            );
        };
    };
}
