1848// nothing->1848//

1848/* nothing */->1848/

// nothing
1848->1848

/* nothing */1848->1848

/->/

///->(null)

