1848->1848
1.8e-47->1.8e-47
->
bar->bar
/->/
a space->a space
