bool
YES

char
1

short
1848

int
1848

long
1848

long long
1848

NSInteger
1848

float
18.47999954223633

double
18.48

long double
18.4800000000000004263
