VfL Bochum 1848VfL Bochum 1848VfL Bochum
 1848VfL Bochum 1848VfL Bochum 1848VfL B
ochum 1848VfL Bochum 1848VfL Bochum 1848
VfL Bochum 1848VfL Bochum 1848VfL Bochum
 1848VfL Bochum 1848VfL Bochum 1848VfL B
ochum 1848VfL Bochum 1848VfL Bochum 1848

