
Kybernetik
0,10
0,10
0,10
NSNotFound,0
NSNotFound,0
NSNotFound,0
NSNotFound,0
NSNotFound,0
0,10
0,10
0,10
NSNotFound,0
NSNotFound,0
NSNotFound,0
NSNotFound,0
NSNotFound,0

die
52,3
190,3
NSNotFound,0
NSNotFound,0
52,3
190,3
NSNotFound,0
NSNotFound,0
52,3
190,3
NSNotFound,0
NSNotFound,0
52,3
190,3
NSNotFound,0
NSNotFound,0

beschrieben.
214,12
214,12
NSNotFound,0
214,12
214,12
214,12
NSNotFound,0
214,12
NSNotFound,0
NSNotFound,0
NSNotFound,0
NSNotFound,0
NSNotFound,0
NSNotFound,0
NSNotFound,0
NSNotFound,0

Norbert
37,7
37,7
NSNotFound,0
NSNotFound,0
37,7
37,7
NSNotFound,0
NSNotFound,0
37,7
37,7
NSNotFound,0
NSNotFound,0
37,7
37,7
NSNotFound,0
NSNotFound,0


NSNotFound,0
NSNotFound,0
NSNotFound,0
NSNotFound,0
NSNotFound,0
NSNotFound,0
NSNotFound,0
NSNotFound,0
NSNotFound,0
NSNotFound,0
NSNotFound,0
NSNotFound,0
NSNotFound,0
NSNotFound,0
NSNotFound,0
NSNotFound,0

Kybernetik
NSNotFound,0
NSNotFound,0
NSNotFound,0
NSNotFound,0
exception
exception
exception
exception
exception
exception
exception
exception
exception
exception
exception
exception
