vfl bochum 1848
Vfl Bochum 1848
VFL BOCHUM 1848
vfL bochum 1848
