"" separated by "": ""
mutable "" separated by "": ""
NSInvalidArgumentException
"0,1,2,3" separated by ",": "0" "1" "2" "3"
mutable "0,1,2,3" separated by ",": "0" "1" "2" "3"
"0,1,2,3" separated by ",,": "0,1,2,3"
mutable "0,1,2,3" separated by ",,": "0,1,2,3"
"0,1,,2,,,,3,,,,4" separated by ",": "0" "1" "" "2" "" "" "" "3" "" "" "" "4"
mutable "0,1,,2,,,,3,,,,4" separated by ",": "0" "1" "" "2" "" "" "" "3" "" "" "" "4"
"0,1,,2,,,,3,,,,4" separated by ",,": "0,1" "2" "" "3" "" "4"
mutable "0,1,,2,,,,3,,,,4" separated by ",,": "0,1" "2" "" "3" "" "4"
"" separated by ",": ""
mutable "" separated by ",": ""
"," separated by ",": "" ""
mutable "," separated by ",": "" ""
"0" separated by ",": "0"
mutable "0" separated by ",": "0"
",0" separated by ",": "" "0"
mutable ",0" separated by ",": "" "0"
"0," separated by ",": "0" ""
mutable "0," separated by ",": "0" ""
",," separated by ",": "" "" ""
mutable ",," separated by ",": "" "" ""
",,," separated by ",": "" "" "" ""
mutable ",,," separated by ",": "" "" "" ""
",,0" separated by ",": "" "" "0"
mutable ",,0" separated by ",": "" "" "0"
",0," separated by ",": "" "0" ""
mutable ",0," separated by ",": "" "0" ""
"0,," separated by ",": "0" "" ""
mutable "0,," separated by ",": "0" "" ""
",,,," separated by ",": "" "" "" "" ""
mutable ",,,," separated by ",": "" "" "" "" ""
",,,0" separated by ",": "" "" "" "0"
mutable ",,,0" separated by ",": "" "" "" "0"
",,0," separated by ",": "" "" "0" ""
mutable ",,0," separated by ",": "" "" "0" ""
",0,1" separated by ",": "" "0" "1"
mutable ",0,1" separated by ",": "" "0" "1"
"0,1," separated by ",": "0" "1" ""
mutable "0,1," separated by ",": "0" "1" ""
"0,,1" separated by ",": "0" "" "1"
mutable "0,,1" separated by ",": "0" "" "1"
"" separated by ",,": ""
mutable "" separated by ",,": ""
",," separated by ",,": "" ""
mutable ",," separated by ",,": "" ""
"0" separated by ",,": "0"
mutable "0" separated by ",,": "0"
",,0" separated by ",,": "" "0"
mutable ",,0" separated by ",,": "" "0"
"0,," separated by ",,": "0" ""
mutable "0,," separated by ",,": "0" ""
",,,," separated by ",,": "" "" ""
mutable ",,,," separated by ",,": "" "" ""
",,,,,," separated by ",,": "" "" "" ""
mutable ",,,,,," separated by ",,": "" "" "" ""
",,,,0" separated by ",,": "" "" "0"
mutable ",,,,0" separated by ",,": "" "" "0"
",,0,," separated by ",,": "" "0" ""
mutable ",,0,," separated by ",,": "" "0" ""
"0,,,," separated by ",,": "0" "" ""
mutable "0,,,," separated by ",,": "0" "" ""
",,,,,,,," separated by ",,": "" "" "" "" ""
mutable ",,,,,,,," separated by ",,": "" "" "" "" ""
",,,,,,0" separated by ",,": "" "" "" "0"
mutable ",,,,,,0" separated by ",,": "" "" "" "0"
",,,,0,," separated by ",,": "" "" "0" ""
mutable ",,,,0,," separated by ",,": "" "" "0" ""
",,0,,1" separated by ",,": "" "0" "1"
mutable ",,0,,1" separated by ",,": "" "0" "1"
"0,,1,," separated by ",,": "0" "1" ""
mutable "0,,1,," separated by ",,": "0" "1" ""
"0,,,,1" separated by ",,": "0" "" "1"
mutable "0,,,,1" separated by ",,": "0" "" "1"
"" separated by "👣#€🎲": ""
mutable "" separated by "👣#€🎲": ""
"👣#€🎲" separated by "👣#€🎲": "" ""
mutable "👣#€🎲" separated by "👣#€🎲": "" ""
"0" separated by "👣#€🎲": "0"
mutable "0" separated by "👣#€🎲": "0"
"👣#€🎲0" separated by "👣#€🎲": "" "0"
mutable "👣#€🎲0" separated by "👣#€🎲": "" "0"
"0👣#€🎲" separated by "👣#€🎲": "0" ""
mutable "0👣#€🎲" separated by "👣#€🎲": "0" ""
"👣#€🎲👣#€🎲" separated by "👣#€🎲": "" "" ""
mutable "👣#€🎲👣#€🎲" separated by "👣#€🎲": "" "" ""
"👣#€🎲👣#€🎲👣#€🎲" separated by "👣#€🎲": "" "" "" ""
mutable "👣#€🎲👣#€🎲👣#€🎲" separated by "👣#€🎲": "" "" "" ""
"👣#€🎲👣#€🎲0" separated by "👣#€🎲": "" "" "0"
mutable "👣#€🎲👣#€🎲0" separated by "👣#€🎲": "" "" "0"
"👣#€🎲0👣#€🎲" separated by "👣#€🎲": "" "0" ""
mutable "👣#€🎲0👣#€🎲" separated by "👣#€🎲": "" "0" ""
"0👣#€🎲👣#€🎲" separated by "👣#€🎲": "0" "" ""
mutable "0👣#€🎲👣#€🎲" separated by "👣#€🎲": "0" "" ""
"👣#€🎲👣#€🎲👣#€🎲👣#€🎲" separated by "👣#€🎲": "" "" "" "" ""
mutable "👣#€🎲👣#€🎲👣#€🎲👣#€🎲" separated by "👣#€🎲": "" "" "" "" ""
"👣#€🎲👣#€🎲👣#€🎲0" separated by "👣#€🎲": "" "" "" "0"
mutable "👣#€🎲👣#€🎲👣#€🎲0" separated by "👣#€🎲": "" "" "" "0"
"👣#€🎲👣#€🎲0👣#€🎲" separated by "👣#€🎲": "" "" "0" ""
mutable "👣#€🎲👣#€🎲0👣#€🎲" separated by "👣#€🎲": "" "" "0" ""
"👣#€🎲0👣#€🎲1" separated by "👣#€🎲": "" "0" "1"
mutable "👣#€🎲0👣#€🎲1" separated by "👣#€🎲": "" "0" "1"
"0👣#€🎲1👣#€🎲" separated by "👣#€🎲": "0" "1" ""
mutable "0👣#€🎲1👣#€🎲" separated by "👣#€🎲": "0" "1" ""
"0👣#€🎲👣#€🎲1" separated by "👣#€🎲": "0" "" "1"
mutable "0👣#€🎲👣#€🎲1" separated by "👣#€🎲": "0" "" "1"
