'"VfL"" Bochum"" 1848"':
   #0: 'VfL Bochum 1848'

'VfL Bochum 1848':
   #0: 'VfL'
   #1: 'Bochum'
   #2: '1848'

'"\"':
   #0: ''

'\':
   #0: '\'

'"a\"\x\\b"':
   #0: 'a"\x\b'

'"a\"b"':
   #0: 'a"b'

'"a\""':
   #0: 'a"'

'" a " " b "':
   #0: ' a '
   #1: ' b '

'  "a"  "b"  ':
   #0: 'a'
   #1: 'b'

'"a"  "b"  ':
   #0: 'a'
   #1: 'b'

'  "a"  "b"':
   #0: 'a'
   #1: 'b'

'"a"  "b"':
   #0: 'a'
   #1: 'b'

'"a" "b"  ':
   #0: 'a'
   #1: 'b'

'  "a" "b"':
   #0: 'a'
   #1: 'b'

' "a" "b" ':
   #0: 'a'
   #1: 'b'

'"a" "b" ':
   #0: 'a'
   #1: 'b'

' "a" "b"':
   #0: 'a'
   #1: 'b'

'"a" "b"':
   #0: 'a'
   #1: 'b'

'"a"':
   #0: 'a'

'':
   #0: ''

'""':
   #0: ''

'  a  b  ':
   #0: 'a'
   #1: 'b'

'a  b  ':
   #0: 'a'
   #1: 'b'

'  a  b':
   #0: 'a'
   #1: 'b'

'a  b':
   #0: 'a'
   #1: 'b'

'a b  ':
   #0: 'a'
   #1: 'b'

'  a b':
   #0: 'a'
   #1: 'b'

' a b ':
   #0: 'a'
   #1: 'b'

'a b ':
   #0: 'a'
   #1: 'b'

' a b':
   #0: 'a'
   #1: 'b'

'a b':
   #0: 'a'
   #1: 'b'

'a':
   #0: 'a'

'':
   #0: ''

