_MulleObjCTaggedPointerChar5String len=3 "PST"
_MulleObjCTaggedPointerChar7String len=3 "PST"
_MulleObjCTinyASCIIString len=3 "PST"
_MulleObjCGenericASCIIString len=3 "PST"
_MulleObjCAllocatorASCIIString len=3 "PST"
_MulleObjCSharedASCIIString len=3 "PST"
_MulleObjCAllocatorZeroTerminatedASCIIString len=3 "PST"
_MulleObjCGenericUTF16String len=3 "PST"
_MulleObjCAllocatorUTF16String len=3 "PST"
_MulleObjCSharedUTF16String len=3 "PST"
_MulleObjCGenericUTF32String len=3 "PST"
_MulleObjCAllocatorUTF32String len=3 "PST"
_MulleObjCSharedUTF32String len=3 "PST"
