"nopnopnop" == "nopnopnop"
"nopnopnop" != "%/&"
"nopnopnop" != "abcdef%/&"
"nopnopnop" != "abcdefgh%/&"
"nopnopnop" != "hรถhรถhรถ!:)"
"nopnopnop" != "๐ฃ#โฌ๐ฒ!!!!!"
"nopnopnop" != "๐ฃ#โฌ๐ฒ#+!!+!#"
"nopnopnop" != "โฌ#๐ฃ"
"%/&" != "nopnopnop"
"%/&" == "%/&"
"%/&" != "abcdef%/&"
"%/&" != "abcdefgh%/&"
"%/&" != "hรถhรถhรถ!:)"
"%/&" != "๐ฃ#โฌ๐ฒ!!!!!"
"%/&" != "๐ฃ#โฌ๐ฒ#+!!+!#"
"%/&" != "โฌ#๐ฃ"
"abcdef%/&" != "nopnopnop"
"abcdef%/&" != "%/&"
"abcdef%/&" == "abcdef%/&"
"abcdef%/&" != "abcdefgh%/&"
"abcdef%/&" != "hรถhรถhรถ!:)"
"abcdef%/&" != "๐ฃ#โฌ๐ฒ!!!!!"
"abcdef%/&" != "๐ฃ#โฌ๐ฒ#+!!+!#"
"abcdef%/&" != "โฌ#๐ฃ"
"abcdefgh%/&" != "nopnopnop"
"abcdefgh%/&" != "%/&"
"abcdefgh%/&" != "abcdef%/&"
"abcdefgh%/&" == "abcdefgh%/&"
"abcdefgh%/&" != "hรถhรถhรถ!:)"
"abcdefgh%/&" != "๐ฃ#โฌ๐ฒ!!!!!"
"abcdefgh%/&" != "๐ฃ#โฌ๐ฒ#+!!+!#"
"abcdefgh%/&" != "โฌ#๐ฃ"
"hรถhรถhรถ!:)" != "nopnopnop"
"hรถhรถhรถ!:)" != "%/&"
"hรถhรถhรถ!:)" != "abcdef%/&"
"hรถhรถhรถ!:)" != "abcdefgh%/&"
"hรถhรถhรถ!:)" == "hรถhรถhรถ!:)"
"hรถhรถhรถ!:)" != "๐ฃ#โฌ๐ฒ!!!!!"
"hรถhรถhรถ!:)" != "๐ฃ#โฌ๐ฒ#+!!+!#"
"hรถhรถhรถ!:)" != "โฌ#๐ฃ"
"๐ฃ#โฌ๐ฒ!!!!!" != "nopnopnop"
"๐ฃ#โฌ๐ฒ!!!!!" != "%/&"
"๐ฃ#โฌ๐ฒ!!!!!" != "abcdef%/&"
"๐ฃ#โฌ๐ฒ!!!!!" != "abcdefgh%/&"
"๐ฃ#โฌ๐ฒ!!!!!" != "hรถhรถhรถ!:)"
"๐ฃ#โฌ๐ฒ!!!!!" == "๐ฃ#โฌ๐ฒ!!!!!"
"๐ฃ#โฌ๐ฒ!!!!!" != "๐ฃ#โฌ๐ฒ#+!!+!#"
"๐ฃ#โฌ๐ฒ!!!!!" != "โฌ#๐ฃ"
"๐ฃ#โฌ๐ฒ#+!!+!#" != "nopnopnop"
"๐ฃ#โฌ๐ฒ#+!!+!#" != "%/&"
"๐ฃ#โฌ๐ฒ#+!!+!#" != "abcdef%/&"
"๐ฃ#โฌ๐ฒ#+!!+!#" != "abcdefgh%/&"
"๐ฃ#โฌ๐ฒ#+!!+!#" != "hรถhรถhรถ!:)"
"๐ฃ#โฌ๐ฒ#+!!+!#" != "๐ฃ#โฌ๐ฒ!!!!!"
"๐ฃ#โฌ๐ฒ#+!!+!#" == "๐ฃ#โฌ๐ฒ#+!!+!#"
"๐ฃ#โฌ๐ฒ#+!!+!#" != "โฌ#๐ฃ"
"โฌ#๐ฃ" != "nopnopnop"
"โฌ#๐ฃ" != "%/&"
"โฌ#๐ฃ" != "abcdef%/&"
"โฌ#๐ฃ" != "abcdefgh%/&"
"โฌ#๐ฃ" != "hรถhรถhรถ!:)"
"โฌ#๐ฃ" != "๐ฃ#โฌ๐ฒ!!!!!"
"โฌ#๐ฃ" != "๐ฃ#โฌ๐ฒ#+!!+!#"
"โฌ#๐ฃ" == "โฌ#๐ฃ"
