"nopnopnop" -> "nopnopnop" -> "NOPNOPNOP" -> "Nopnopnop"-> "nopnopnop"
"%/&" -> "%/&" -> "%/&" -> "%/&"-> "%/&"
"abcD%/&" -> "abcd%/&" -> "ABCD%/&" -> "Abcd%/&"-> "abcD%/&"
"aBcdefgh%/&" -> "abcdefgh%/&" -> "ABCDEFGH%/&" -> "Abcdefgh%/&"-> "aBcdefgh%/&"
"hรถhรถhรถ" -> "hรถhรถhรถ" -> "HรถHรถHรถ" -> "Hรถhรถhรถ"-> "hรถhรถhรถ"
"๐ฃ#โฌ๐ฒ" -> "๐ฃ#โฌ๐ฒ" -> "๐ฃ#โฌ๐ฒ" -> "๐ฃ#โฌ๐ฒ"-> "๐ฃ#โฌ๐ฒ"
