a­ -> "a\302\255"
☄️☃️👍🏾 -> "☄️☃️👍🏾"
 -> ""
a -> "a"
a" 	 "b -> "a\" \t \"b"
