AxB default of  = 
AxB NSAnchoredSearch of  = 
AxB NSBackwardsSearch of  = 
AxB NSAnchoredSearch|NSBackwardsSearch of  = 
AxB default of A = A
AxB NSAnchoredSearch of A = A
AxB NSBackwardsSearch of A = A
AxB NSAnchoredSearch|NSBackwardsSearch of A = 
AxB default of B = B
AxB NSAnchoredSearch of B = 
AxB NSBackwardsSearch of B = B
AxB NSAnchoredSearch|NSBackwardsSearch of B = B
xAxBx default of A = A
xAxBx NSAnchoredSearch of A = 
xAxBx NSBackwardsSearch of A = A
xAxBx NSAnchoredSearch|NSBackwardsSearch of A = 
xAxBx default of B = B
xAxBx NSAnchoredSearch of B = 
xAxBx NSBackwardsSearch of B = B
xAxBx NSAnchoredSearch|NSBackwardsSearch of B = 
ABCxxx default of ABC = ABC
ABCxxx NSAnchoredSearch of ABC = ABC
ABCxxx NSBackwardsSearch of ABC = ABC
ABCxxx NSAnchoredSearch|NSBackwardsSearch of ABC = 
xxxABC default of ABC = ABC
xxxABC NSAnchoredSearch of ABC = 
xxxABC NSBackwardsSearch of ABC = ABC
xxxABC NSAnchoredSearch|NSBackwardsSearch of ABC = ABC
xxxABCxxx default of ABC = ABC
xxxABCxxx NSAnchoredSearch of ABC = 
xxxABCxxx NSBackwardsSearch of ABC = ABC
xxxABCxxx NSAnchoredSearch|NSBackwardsSearch of ABC = 
