"" simplifies to ""
"/" simplifies to "/"
"." simplifies to "."
".." simplifies to ".."
"a" simplifies to "a"
"//" simplifies to "/"
"/." simplifies to "/"
"/.." simplifies to "/"
"/a" simplifies to "/a"
"./" simplifies to "./"
"../" simplifies to "../"
"a/" simplifies to "a/"
"///" simplifies to "/"
"/./" simplifies to "/"
"/../" simplifies to "/"
"/a/" simplifies to "/a/"
"/a/." simplifies to "/a"
"/./a" simplifies to "/a"
"/a/./" simplifies to "/a/"
"/./a/" simplifies to "/a/"
"a/." simplifies to "a"
"./a" simplifies to "./a"
"a/./" simplifies to "a/"
"./a/" simplifies to "./a/"
"/a/.." simplifies to "/"
"/../a" simplifies to "/a"
"/a/../" simplifies to "/"
"/../a/" simplifies to "/a/"
"a/.." simplifies to "."
"../a" simplifies to "../a"
"a/../" simplifies to "./"
"../a/" simplifies to "../a/"
"a/../b" simplifies to "./b"
"a/./b" simplifies to "a/b"
"a/../b/" simplifies to "./b/"
"a/./b/" simplifies to "a/b/"
"/a/../b" simplifies to "/b"
"/a/./b" simplifies to "/a/b"
"/a/../b/" simplifies to "/b/"
"/a/./b/" simplifies to "/a/b/"
"/Volumes/Source/srcO/MulleFoundation/MulleObjCOSFoundation/test/NSBundle" simplifies to "/Volumes/Source/srcO/MulleFoundation/MulleObjCOSFoundation/test/NSBundle"
"../.." simplifies to "../.."
"a/../.." simplifies to ".."
"/a/../.." simplifies to "/"
