test big passed
test killer passed
test utf15 passed
test zero passed
