<NSMutableArray <address> "(
    1848,
    bar
)">
