() -> [0,0] @0 -> ()
() -> [1,0] @0 -> ()
() -> [2,0] @0 -> ()
() -> [3,0] @0 -> ()
() -> [4,0] @0 -> ()
() -> [5,0] @0 -> ()
() -> [0,1] @0 -> *exception*
() -> [1,1] @0 -> *exception*
() -> [2,1] @0 -> *exception*
() -> [3,1] @0 -> *exception*
() -> [4,1] @0 -> *exception*
() -> [5,1] @0 -> *exception*
() -> [0,2] @0 -> *exception*
() -> [1,2] @0 -> *exception*
() -> [2,2] @0 -> *exception*
() -> [3,2] @0 -> *exception*
() -> [4,2] @0 -> *exception*
() -> [5,2] @0 -> *exception*
() -> [0,3] @0 -> *exception*
() -> [1,3] @0 -> *exception*
() -> [2,3] @0 -> *exception*
() -> [3,3] @0 -> *exception*
() -> [4,3] @0 -> *exception*
() -> [5,3] @0 -> *exception*
() -> [0,4] @0 -> *exception*
() -> [1,4] @0 -> *exception*
() -> [2,4] @0 -> *exception*
() -> [3,4] @0 -> *exception*
() -> [4,4] @0 -> *exception*
() -> [5,4] @0 -> *exception*
() -> [0,5] @0 -> *exception*
() -> [1,5] @0 -> *exception*
() -> [2,5] @0 -> *exception*
() -> [3,5] @0 -> *exception*
() -> [4,5] @0 -> *exception*
() -> [5,5] @0 -> *exception*
( A ) -> [0,0] @0 -> ( A )
( A ) -> [0,0] @1 -> ( A )
( A ) -> [1,0] @0 -> ( A )
( A ) -> [1,0] @1 -> ( A )
( A ) -> [2,0] @0 -> ( A )
( A ) -> [2,0] @1 -> ( A )
( A ) -> [3,0] @0 -> ( A )
( A ) -> [3,0] @1 -> ( A )
( A ) -> [4,0] @0 -> ( A )
( A ) -> [4,0] @1 -> ( A )
( A ) -> [5,0] @0 -> ( A )
( A ) -> [5,0] @1 -> ( A )
( A ) -> [0,1] @0 -> ( A )
( A ) -> [0,1] @1 -> *exception*
( A ) -> [1,1] @0 -> *exception*
( A ) -> [1,1] @1 -> *exception*
( A ) -> [2,1] @0 -> *exception*
( A ) -> [2,1] @1 -> *exception*
( A ) -> [3,1] @0 -> *exception*
( A ) -> [3,1] @1 -> *exception*
( A ) -> [4,1] @0 -> *exception*
( A ) -> [4,1] @1 -> *exception*
( A ) -> [5,1] @0 -> *exception*
( A ) -> [5,1] @1 -> *exception*
( A ) -> [0,2] @0 -> *exception*
( A ) -> [0,2] @1 -> *exception*
( A ) -> [1,2] @0 -> *exception*
( A ) -> [1,2] @1 -> *exception*
( A ) -> [2,2] @0 -> *exception*
( A ) -> [2,2] @1 -> *exception*
( A ) -> [3,2] @0 -> *exception*
( A ) -> [3,2] @1 -> *exception*
( A ) -> [4,2] @0 -> *exception*
( A ) -> [4,2] @1 -> *exception*
( A ) -> [5,2] @0 -> *exception*
( A ) -> [5,2] @1 -> *exception*
( A ) -> [0,3] @0 -> *exception*
( A ) -> [0,3] @1 -> *exception*
( A ) -> [1,3] @0 -> *exception*
( A ) -> [1,3] @1 -> *exception*
( A ) -> [2,3] @0 -> *exception*
( A ) -> [2,3] @1 -> *exception*
( A ) -> [3,3] @0 -> *exception*
( A ) -> [3,3] @1 -> *exception*
( A ) -> [4,3] @0 -> *exception*
( A ) -> [4,3] @1 -> *exception*
( A ) -> [5,3] @0 -> *exception*
( A ) -> [5,3] @1 -> *exception*
( A ) -> [0,4] @0 -> *exception*
( A ) -> [0,4] @1 -> *exception*
( A ) -> [1,4] @0 -> *exception*
( A ) -> [1,4] @1 -> *exception*
( A ) -> [2,4] @0 -> *exception*
( A ) -> [2,4] @1 -> *exception*
( A ) -> [3,4] @0 -> *exception*
( A ) -> [3,4] @1 -> *exception*
( A ) -> [4,4] @0 -> *exception*
( A ) -> [4,4] @1 -> *exception*
( A ) -> [5,4] @0 -> *exception*
( A ) -> [5,4] @1 -> *exception*
( A ) -> [0,5] @0 -> *exception*
( A ) -> [0,5] @1 -> *exception*
( A ) -> [1,5] @0 -> *exception*
( A ) -> [1,5] @1 -> *exception*
( A ) -> [2,5] @0 -> *exception*
( A ) -> [2,5] @1 -> *exception*
( A ) -> [3,5] @0 -> *exception*
( A ) -> [3,5] @1 -> *exception*
( A ) -> [4,5] @0 -> *exception*
( A ) -> [4,5] @1 -> *exception*
( A ) -> [5,5] @0 -> *exception*
( A ) -> [5,5] @1 -> *exception*
( A, B ) -> [0,0] @0 -> ( A, B )
( A, B ) -> [0,0] @1 -> ( A, B )
( A, B ) -> [0,0] @2 -> ( A, B )
( A, B ) -> [1,0] @0 -> ( A, B )
( A, B ) -> [1,0] @1 -> ( A, B )
( A, B ) -> [1,0] @2 -> ( A, B )
( A, B ) -> [2,0] @0 -> ( A, B )
( A, B ) -> [2,0] @1 -> ( A, B )
( A, B ) -> [2,0] @2 -> ( A, B )
( A, B ) -> [3,0] @0 -> ( A, B )
( A, B ) -> [3,0] @1 -> ( A, B )
( A, B ) -> [3,0] @2 -> ( A, B )
( A, B ) -> [4,0] @0 -> ( A, B )
( A, B ) -> [4,0] @1 -> ( A, B )
( A, B ) -> [4,0] @2 -> ( A, B )
( A, B ) -> [5,0] @0 -> ( A, B )
( A, B ) -> [5,0] @1 -> ( A, B )
( A, B ) -> [5,0] @2 -> ( A, B )
( A, B ) -> [0,1] @0 -> ( A, B )
( A, B ) -> [0,1] @1 -> ( B, A )
( A, B ) -> [0,1] @2 -> *exception*
( A, B ) -> [1,1] @0 -> ( B, A )
( A, B ) -> [1,1] @1 -> ( A, B )
( A, B ) -> [1,1] @2 -> *exception*
( A, B ) -> [2,1] @0 -> *exception*
( A, B ) -> [2,1] @1 -> *exception*
( A, B ) -> [2,1] @2 -> *exception*
( A, B ) -> [3,1] @0 -> *exception*
( A, B ) -> [3,1] @1 -> *exception*
( A, B ) -> [3,1] @2 -> *exception*
( A, B ) -> [4,1] @0 -> *exception*
( A, B ) -> [4,1] @1 -> *exception*
( A, B ) -> [4,1] @2 -> *exception*
( A, B ) -> [5,1] @0 -> *exception*
( A, B ) -> [5,1] @1 -> *exception*
( A, B ) -> [5,1] @2 -> *exception*
( A, B ) -> [0,2] @0 -> ( A, B )
( A, B ) -> [0,2] @1 -> *exception*
( A, B ) -> [0,2] @2 -> *exception*
( A, B ) -> [1,2] @0 -> *exception*
( A, B ) -> [1,2] @1 -> *exception*
( A, B ) -> [1,2] @2 -> *exception*
( A, B ) -> [2,2] @0 -> *exception*
( A, B ) -> [2,2] @1 -> *exception*
( A, B ) -> [2,2] @2 -> *exception*
( A, B ) -> [3,2] @0 -> *exception*
( A, B ) -> [3,2] @1 -> *exception*
( A, B ) -> [3,2] @2 -> *exception*
( A, B ) -> [4,2] @0 -> *exception*
( A, B ) -> [4,2] @1 -> *exception*
( A, B ) -> [4,2] @2 -> *exception*
( A, B ) -> [5,2] @0 -> *exception*
( A, B ) -> [5,2] @1 -> *exception*
( A, B ) -> [5,2] @2 -> *exception*
( A, B ) -> [0,3] @0 -> *exception*
( A, B ) -> [0,3] @1 -> *exception*
( A, B ) -> [0,3] @2 -> *exception*
( A, B ) -> [1,3] @0 -> *exception*
( A, B ) -> [1,3] @1 -> *exception*
( A, B ) -> [1,3] @2 -> *exception*
( A, B ) -> [2,3] @0 -> *exception*
( A, B ) -> [2,3] @1 -> *exception*
( A, B ) -> [2,3] @2 -> *exception*
( A, B ) -> [3,3] @0 -> *exception*
( A, B ) -> [3,3] @1 -> *exception*
( A, B ) -> [3,3] @2 -> *exception*
( A, B ) -> [4,3] @0 -> *exception*
( A, B ) -> [4,3] @1 -> *exception*
( A, B ) -> [4,3] @2 -> *exception*
( A, B ) -> [5,3] @0 -> *exception*
( A, B ) -> [5,3] @1 -> *exception*
( A, B ) -> [5,3] @2 -> *exception*
( A, B ) -> [0,4] @0 -> *exception*
( A, B ) -> [0,4] @1 -> *exception*
( A, B ) -> [0,4] @2 -> *exception*
( A, B ) -> [1,4] @0 -> *exception*
( A, B ) -> [1,4] @1 -> *exception*
( A, B ) -> [1,4] @2 -> *exception*
( A, B ) -> [2,4] @0 -> *exception*
( A, B ) -> [2,4] @1 -> *exception*
( A, B ) -> [2,4] @2 -> *exception*
( A, B ) -> [3,4] @0 -> *exception*
( A, B ) -> [3,4] @1 -> *exception*
( A, B ) -> [3,4] @2 -> *exception*
( A, B ) -> [4,4] @0 -> *exception*
( A, B ) -> [4,4] @1 -> *exception*
( A, B ) -> [4,4] @2 -> *exception*
( A, B ) -> [5,4] @0 -> *exception*
( A, B ) -> [5,4] @1 -> *exception*
( A, B ) -> [5,4] @2 -> *exception*
( A, B ) -> [0,5] @0 -> *exception*
( A, B ) -> [0,5] @1 -> *exception*
( A, B ) -> [0,5] @2 -> *exception*
( A, B ) -> [1,5] @0 -> *exception*
( A, B ) -> [1,5] @1 -> *exception*
( A, B ) -> [1,5] @2 -> *exception*
( A, B ) -> [2,5] @0 -> *exception*
( A, B ) -> [2,5] @1 -> *exception*
( A, B ) -> [2,5] @2 -> *exception*
( A, B ) -> [3,5] @0 -> *exception*
( A, B ) -> [3,5] @1 -> *exception*
( A, B ) -> [3,5] @2 -> *exception*
( A, B ) -> [4,5] @0 -> *exception*
( A, B ) -> [4,5] @1 -> *exception*
( A, B ) -> [4,5] @2 -> *exception*
( A, B ) -> [5,5] @0 -> *exception*
( A, B ) -> [5,5] @1 -> *exception*
( A, B ) -> [5,5] @2 -> *exception*
( A, B, C ) -> [0,0] @0 -> ( A, B, C )
( A, B, C ) -> [0,0] @1 -> ( A, B, C )
( A, B, C ) -> [0,0] @2 -> ( A, B, C )
( A, B, C ) -> [0,0] @3 -> ( A, B, C )
( A, B, C ) -> [1,0] @0 -> ( A, B, C )
( A, B, C ) -> [1,0] @1 -> ( A, B, C )
( A, B, C ) -> [1,0] @2 -> ( A, B, C )
( A, B, C ) -> [1,0] @3 -> ( A, B, C )
( A, B, C ) -> [2,0] @0 -> ( A, B, C )
( A, B, C ) -> [2,0] @1 -> ( A, B, C )
( A, B, C ) -> [2,0] @2 -> ( A, B, C )
( A, B, C ) -> [2,0] @3 -> ( A, B, C )
( A, B, C ) -> [3,0] @0 -> ( A, B, C )
( A, B, C ) -> [3,0] @1 -> ( A, B, C )
( A, B, C ) -> [3,0] @2 -> ( A, B, C )
( A, B, C ) -> [3,0] @3 -> ( A, B, C )
( A, B, C ) -> [4,0] @0 -> ( A, B, C )
( A, B, C ) -> [4,0] @1 -> ( A, B, C )
( A, B, C ) -> [4,0] @2 -> ( A, B, C )
( A, B, C ) -> [4,0] @3 -> ( A, B, C )
( A, B, C ) -> [5,0] @0 -> ( A, B, C )
( A, B, C ) -> [5,0] @1 -> ( A, B, C )
( A, B, C ) -> [5,0] @2 -> ( A, B, C )
( A, B, C ) -> [5,0] @3 -> ( A, B, C )
( A, B, C ) -> [0,1] @0 -> ( A, B, C )
( A, B, C ) -> [0,1] @1 -> ( B, A, C )
( A, B, C ) -> [0,1] @2 -> ( B, C, A )
( A, B, C ) -> [0,1] @3 -> *exception*
( A, B, C ) -> [1,1] @0 -> ( B, A, C )
( A, B, C ) -> [1,1] @1 -> ( A, B, C )
( A, B, C ) -> [1,1] @2 -> ( A, C, B )
( A, B, C ) -> [1,1] @3 -> *exception*
( A, B, C ) -> [2,1] @0 -> ( C, A, B )
( A, B, C ) -> [2,1] @1 -> ( A, C, B )
( A, B, C ) -> [2,1] @2 -> ( A, B, C )
( A, B, C ) -> [2,1] @3 -> *exception*
( A, B, C ) -> [3,1] @0 -> *exception*
( A, B, C ) -> [3,1] @1 -> *exception*
( A, B, C ) -> [3,1] @2 -> *exception*
( A, B, C ) -> [3,1] @3 -> *exception*
( A, B, C ) -> [4,1] @0 -> *exception*
( A, B, C ) -> [4,1] @1 -> *exception*
( A, B, C ) -> [4,1] @2 -> *exception*
( A, B, C ) -> [4,1] @3 -> *exception*
( A, B, C ) -> [5,1] @0 -> *exception*
( A, B, C ) -> [5,1] @1 -> *exception*
( A, B, C ) -> [5,1] @2 -> *exception*
( A, B, C ) -> [5,1] @3 -> *exception*
( A, B, C ) -> [0,2] @0 -> ( A, B, C )
( A, B, C ) -> [0,2] @1 -> ( C, A, B )
( A, B, C ) -> [0,2] @2 -> *exception*
( A, B, C ) -> [0,2] @3 -> *exception*
( A, B, C ) -> [1,2] @0 -> ( B, C, A )
( A, B, C ) -> [1,2] @1 -> ( A, B, C )
( A, B, C ) -> [1,2] @2 -> *exception*
( A, B, C ) -> [1,2] @3 -> *exception*
( A, B, C ) -> [2,2] @0 -> *exception*
( A, B, C ) -> [2,2] @1 -> *exception*
( A, B, C ) -> [2,2] @2 -> *exception*
( A, B, C ) -> [2,2] @3 -> *exception*
( A, B, C ) -> [3,2] @0 -> *exception*
( A, B, C ) -> [3,2] @1 -> *exception*
( A, B, C ) -> [3,2] @2 -> *exception*
( A, B, C ) -> [3,2] @3 -> *exception*
( A, B, C ) -> [4,2] @0 -> *exception*
( A, B, C ) -> [4,2] @1 -> *exception*
( A, B, C ) -> [4,2] @2 -> *exception*
( A, B, C ) -> [4,2] @3 -> *exception*
( A, B, C ) -> [5,2] @0 -> *exception*
( A, B, C ) -> [5,2] @1 -> *exception*
( A, B, C ) -> [5,2] @2 -> *exception*
( A, B, C ) -> [5,2] @3 -> *exception*
( A, B, C ) -> [0,3] @0 -> ( A, B, C )
( A, B, C ) -> [0,3] @1 -> *exception*
( A, B, C ) -> [0,3] @2 -> *exception*
( A, B, C ) -> [0,3] @3 -> *exception*
( A, B, C ) -> [1,3] @0 -> *exception*
( A, B, C ) -> [1,3] @1 -> *exception*
( A, B, C ) -> [1,3] @2 -> *exception*
( A, B, C ) -> [1,3] @3 -> *exception*
( A, B, C ) -> [2,3] @0 -> *exception*
( A, B, C ) -> [2,3] @1 -> *exception*
( A, B, C ) -> [2,3] @2 -> *exception*
( A, B, C ) -> [2,3] @3 -> *exception*
( A, B, C ) -> [3,3] @0 -> *exception*
( A, B, C ) -> [3,3] @1 -> *exception*
( A, B, C ) -> [3,3] @2 -> *exception*
( A, B, C ) -> [3,3] @3 -> *exception*
( A, B, C ) -> [4,3] @0 -> *exception*
( A, B, C ) -> [4,3] @1 -> *exception*
( A, B, C ) -> [4,3] @2 -> *exception*
( A, B, C ) -> [4,3] @3 -> *exception*
( A, B, C ) -> [5,3] @0 -> *exception*
( A, B, C ) -> [5,3] @1 -> *exception*
( A, B, C ) -> [5,3] @2 -> *exception*
( A, B, C ) -> [5,3] @3 -> *exception*
( A, B, C ) -> [0,4] @0 -> *exception*
( A, B, C ) -> [0,4] @1 -> *exception*
( A, B, C ) -> [0,4] @2 -> *exception*
( A, B, C ) -> [0,4] @3 -> *exception*
( A, B, C ) -> [1,4] @0 -> *exception*
( A, B, C ) -> [1,4] @1 -> *exception*
( A, B, C ) -> [1,4] @2 -> *exception*
( A, B, C ) -> [1,4] @3 -> *exception*
( A, B, C ) -> [2,4] @0 -> *exception*
( A, B, C ) -> [2,4] @1 -> *exception*
( A, B, C ) -> [2,4] @2 -> *exception*
( A, B, C ) -> [2,4] @3 -> *exception*
( A, B, C ) -> [3,4] @0 -> *exception*
( A, B, C ) -> [3,4] @1 -> *exception*
( A, B, C ) -> [3,4] @2 -> *exception*
( A, B, C ) -> [3,4] @3 -> *exception*
( A, B, C ) -> [4,4] @0 -> *exception*
( A, B, C ) -> [4,4] @1 -> *exception*
( A, B, C ) -> [4,4] @2 -> *exception*
( A, B, C ) -> [4,4] @3 -> *exception*
( A, B, C ) -> [5,4] @0 -> *exception*
( A, B, C ) -> [5,4] @1 -> *exception*
( A, B, C ) -> [5,4] @2 -> *exception*
( A, B, C ) -> [5,4] @3 -> *exception*
( A, B, C ) -> [0,5] @0 -> *exception*
( A, B, C ) -> [0,5] @1 -> *exception*
( A, B, C ) -> [0,5] @2 -> *exception*
( A, B, C ) -> [0,5] @3 -> *exception*
( A, B, C ) -> [1,5] @0 -> *exception*
( A, B, C ) -> [1,5] @1 -> *exception*
( A, B, C ) -> [1,5] @2 -> *exception*
( A, B, C ) -> [1,5] @3 -> *exception*
( A, B, C ) -> [2,5] @0 -> *exception*
( A, B, C ) -> [2,5] @1 -> *exception*
( A, B, C ) -> [2,5] @2 -> *exception*
( A, B, C ) -> [2,5] @3 -> *exception*
( A, B, C ) -> [3,5] @0 -> *exception*
( A, B, C ) -> [3,5] @1 -> *exception*
( A, B, C ) -> [3,5] @2 -> *exception*
( A, B, C ) -> [3,5] @3 -> *exception*
( A, B, C ) -> [4,5] @0 -> *exception*
( A, B, C ) -> [4,5] @1 -> *exception*
( A, B, C ) -> [4,5] @2 -> *exception*
( A, B, C ) -> [4,5] @3 -> *exception*
( A, B, C ) -> [5,5] @0 -> *exception*
( A, B, C ) -> [5,5] @1 -> *exception*
( A, B, C ) -> [5,5] @2 -> *exception*
( A, B, C ) -> [5,5] @3 -> *exception*
( A, B, C, D ) -> [0,0] @0 -> ( A, B, C, D )
( A, B, C, D ) -> [0,0] @1 -> ( A, B, C, D )
( A, B, C, D ) -> [0,0] @2 -> ( A, B, C, D )
( A, B, C, D ) -> [0,0] @3 -> ( A, B, C, D )
( A, B, C, D ) -> [0,0] @4 -> ( A, B, C, D )
( A, B, C, D ) -> [1,0] @0 -> ( A, B, C, D )
( A, B, C, D ) -> [1,0] @1 -> ( A, B, C, D )
( A, B, C, D ) -> [1,0] @2 -> ( A, B, C, D )
( A, B, C, D ) -> [1,0] @3 -> ( A, B, C, D )
( A, B, C, D ) -> [1,0] @4 -> ( A, B, C, D )
( A, B, C, D ) -> [2,0] @0 -> ( A, B, C, D )
( A, B, C, D ) -> [2,0] @1 -> ( A, B, C, D )
( A, B, C, D ) -> [2,0] @2 -> ( A, B, C, D )
( A, B, C, D ) -> [2,0] @3 -> ( A, B, C, D )
( A, B, C, D ) -> [2,0] @4 -> ( A, B, C, D )
( A, B, C, D ) -> [3,0] @0 -> ( A, B, C, D )
( A, B, C, D ) -> [3,0] @1 -> ( A, B, C, D )
( A, B, C, D ) -> [3,0] @2 -> ( A, B, C, D )
( A, B, C, D ) -> [3,0] @3 -> ( A, B, C, D )
( A, B, C, D ) -> [3,0] @4 -> ( A, B, C, D )
( A, B, C, D ) -> [4,0] @0 -> ( A, B, C, D )
( A, B, C, D ) -> [4,0] @1 -> ( A, B, C, D )
( A, B, C, D ) -> [4,0] @2 -> ( A, B, C, D )
( A, B, C, D ) -> [4,0] @3 -> ( A, B, C, D )
( A, B, C, D ) -> [4,0] @4 -> ( A, B, C, D )
( A, B, C, D ) -> [5,0] @0 -> ( A, B, C, D )
( A, B, C, D ) -> [5,0] @1 -> ( A, B, C, D )
( A, B, C, D ) -> [5,0] @2 -> ( A, B, C, D )
( A, B, C, D ) -> [5,0] @3 -> ( A, B, C, D )
( A, B, C, D ) -> [5,0] @4 -> ( A, B, C, D )
( A, B, C, D ) -> [0,1] @0 -> ( A, B, C, D )
( A, B, C, D ) -> [0,1] @1 -> ( B, A, C, D )
( A, B, C, D ) -> [0,1] @2 -> ( B, C, A, D )
( A, B, C, D ) -> [0,1] @3 -> ( B, C, D, A )
( A, B, C, D ) -> [0,1] @4 -> *exception*
( A, B, C, D ) -> [1,1] @0 -> ( B, A, C, D )
( A, B, C, D ) -> [1,1] @1 -> ( A, B, C, D )
( A, B, C, D ) -> [1,1] @2 -> ( A, C, B, D )
( A, B, C, D ) -> [1,1] @3 -> ( A, C, D, B )
( A, B, C, D ) -> [1,1] @4 -> *exception*
( A, B, C, D ) -> [2,1] @0 -> ( C, A, B, D )
( A, B, C, D ) -> [2,1] @1 -> ( A, C, B, D )
( A, B, C, D ) -> [2,1] @2 -> ( A, B, C, D )
( A, B, C, D ) -> [2,1] @3 -> ( A, B, D, C )
( A, B, C, D ) -> [2,1] @4 -> *exception*
( A, B, C, D ) -> [3,1] @0 -> ( D, A, B, C )
( A, B, C, D ) -> [3,1] @1 -> ( A, D, B, C )
( A, B, C, D ) -> [3,1] @2 -> ( A, B, D, C )
( A, B, C, D ) -> [3,1] @3 -> ( A, B, C, D )
( A, B, C, D ) -> [3,1] @4 -> *exception*
( A, B, C, D ) -> [4,1] @0 -> *exception*
( A, B, C, D ) -> [4,1] @1 -> *exception*
( A, B, C, D ) -> [4,1] @2 -> *exception*
( A, B, C, D ) -> [4,1] @3 -> *exception*
( A, B, C, D ) -> [4,1] @4 -> *exception*
( A, B, C, D ) -> [5,1] @0 -> *exception*
( A, B, C, D ) -> [5,1] @1 -> *exception*
( A, B, C, D ) -> [5,1] @2 -> *exception*
( A, B, C, D ) -> [5,1] @3 -> *exception*
( A, B, C, D ) -> [5,1] @4 -> *exception*
( A, B, C, D ) -> [0,2] @0 -> ( A, B, C, D )
( A, B, C, D ) -> [0,2] @1 -> ( C, A, B, D )
( A, B, C, D ) -> [0,2] @2 -> ( C, D, A, B )
( A, B, C, D ) -> [0,2] @3 -> *exception*
( A, B, C, D ) -> [0,2] @4 -> *exception*
( A, B, C, D ) -> [1,2] @0 -> ( B, C, A, D )
( A, B, C, D ) -> [1,2] @1 -> ( A, B, C, D )
( A, B, C, D ) -> [1,2] @2 -> ( A, D, B, C )
( A, B, C, D ) -> [1,2] @3 -> *exception*
( A, B, C, D ) -> [1,2] @4 -> *exception*
( A, B, C, D ) -> [2,2] @0 -> ( C, D, A, B )
( A, B, C, D ) -> [2,2] @1 -> ( A, C, D, B )
( A, B, C, D ) -> [2,2] @2 -> ( A, B, C, D )
( A, B, C, D ) -> [2,2] @3 -> *exception*
( A, B, C, D ) -> [2,2] @4 -> *exception*
( A, B, C, D ) -> [3,2] @0 -> *exception*
( A, B, C, D ) -> [3,2] @1 -> *exception*
( A, B, C, D ) -> [3,2] @2 -> *exception*
( A, B, C, D ) -> [3,2] @3 -> *exception*
( A, B, C, D ) -> [3,2] @4 -> *exception*
( A, B, C, D ) -> [4,2] @0 -> *exception*
( A, B, C, D ) -> [4,2] @1 -> *exception*
( A, B, C, D ) -> [4,2] @2 -> *exception*
( A, B, C, D ) -> [4,2] @3 -> *exception*
( A, B, C, D ) -> [4,2] @4 -> *exception*
( A, B, C, D ) -> [5,2] @0 -> *exception*
( A, B, C, D ) -> [5,2] @1 -> *exception*
( A, B, C, D ) -> [5,2] @2 -> *exception*
( A, B, C, D ) -> [5,2] @3 -> *exception*
( A, B, C, D ) -> [5,2] @4 -> *exception*
( A, B, C, D ) -> [0,3] @0 -> ( A, B, C, D )
( A, B, C, D ) -> [0,3] @1 -> ( D, A, B, C )
( A, B, C, D ) -> [0,3] @2 -> *exception*
( A, B, C, D ) -> [0,3] @3 -> *exception*
( A, B, C, D ) -> [0,3] @4 -> *exception*
( A, B, C, D ) -> [1,3] @0 -> ( B, C, D, A )
( A, B, C, D ) -> [1,3] @1 -> ( A, B, C, D )
( A, B, C, D ) -> [1,3] @2 -> *exception*
( A, B, C, D ) -> [1,3] @3 -> *exception*
( A, B, C, D ) -> [1,3] @4 -> *exception*
( A, B, C, D ) -> [2,3] @0 -> *exception*
( A, B, C, D ) -> [2,3] @1 -> *exception*
( A, B, C, D ) -> [2,3] @2 -> *exception*
( A, B, C, D ) -> [2,3] @3 -> *exception*
( A, B, C, D ) -> [2,3] @4 -> *exception*
( A, B, C, D ) -> [3,3] @0 -> *exception*
( A, B, C, D ) -> [3,3] @1 -> *exception*
( A, B, C, D ) -> [3,3] @2 -> *exception*
( A, B, C, D ) -> [3,3] @3 -> *exception*
( A, B, C, D ) -> [3,3] @4 -> *exception*
( A, B, C, D ) -> [4,3] @0 -> *exception*
( A, B, C, D ) -> [4,3] @1 -> *exception*
( A, B, C, D ) -> [4,3] @2 -> *exception*
( A, B, C, D ) -> [4,3] @3 -> *exception*
( A, B, C, D ) -> [4,3] @4 -> *exception*
( A, B, C, D ) -> [5,3] @0 -> *exception*
( A, B, C, D ) -> [5,3] @1 -> *exception*
( A, B, C, D ) -> [5,3] @2 -> *exception*
( A, B, C, D ) -> [5,3] @3 -> *exception*
( A, B, C, D ) -> [5,3] @4 -> *exception*
( A, B, C, D ) -> [0,4] @0 -> ( A, B, C, D )
( A, B, C, D ) -> [0,4] @1 -> *exception*
( A, B, C, D ) -> [0,4] @2 -> *exception*
( A, B, C, D ) -> [0,4] @3 -> *exception*
( A, B, C, D ) -> [0,4] @4 -> *exception*
( A, B, C, D ) -> [1,4] @0 -> *exception*
( A, B, C, D ) -> [1,4] @1 -> *exception*
( A, B, C, D ) -> [1,4] @2 -> *exception*
( A, B, C, D ) -> [1,4] @3 -> *exception*
( A, B, C, D ) -> [1,4] @4 -> *exception*
( A, B, C, D ) -> [2,4] @0 -> *exception*
( A, B, C, D ) -> [2,4] @1 -> *exception*
( A, B, C, D ) -> [2,4] @2 -> *exception*
( A, B, C, D ) -> [2,4] @3 -> *exception*
( A, B, C, D ) -> [2,4] @4 -> *exception*
( A, B, C, D ) -> [3,4] @0 -> *exception*
( A, B, C, D ) -> [3,4] @1 -> *exception*
( A, B, C, D ) -> [3,4] @2 -> *exception*
( A, B, C, D ) -> [3,4] @3 -> *exception*
( A, B, C, D ) -> [3,4] @4 -> *exception*
( A, B, C, D ) -> [4,4] @0 -> *exception*
( A, B, C, D ) -> [4,4] @1 -> *exception*
( A, B, C, D ) -> [4,4] @2 -> *exception*
( A, B, C, D ) -> [4,4] @3 -> *exception*
( A, B, C, D ) -> [4,4] @4 -> *exception*
( A, B, C, D ) -> [5,4] @0 -> *exception*
( A, B, C, D ) -> [5,4] @1 -> *exception*
( A, B, C, D ) -> [5,4] @2 -> *exception*
( A, B, C, D ) -> [5,4] @3 -> *exception*
( A, B, C, D ) -> [5,4] @4 -> *exception*
( A, B, C, D ) -> [0,5] @0 -> *exception*
( A, B, C, D ) -> [0,5] @1 -> *exception*
( A, B, C, D ) -> [0,5] @2 -> *exception*
( A, B, C, D ) -> [0,5] @3 -> *exception*
( A, B, C, D ) -> [0,5] @4 -> *exception*
( A, B, C, D ) -> [1,5] @0 -> *exception*
( A, B, C, D ) -> [1,5] @1 -> *exception*
( A, B, C, D ) -> [1,5] @2 -> *exception*
( A, B, C, D ) -> [1,5] @3 -> *exception*
( A, B, C, D ) -> [1,5] @4 -> *exception*
( A, B, C, D ) -> [2,5] @0 -> *exception*
( A, B, C, D ) -> [2,5] @1 -> *exception*
( A, B, C, D ) -> [2,5] @2 -> *exception*
( A, B, C, D ) -> [2,5] @3 -> *exception*
( A, B, C, D ) -> [2,5] @4 -> *exception*
( A, B, C, D ) -> [3,5] @0 -> *exception*
( A, B, C, D ) -> [3,5] @1 -> *exception*
( A, B, C, D ) -> [3,5] @2 -> *exception*
( A, B, C, D ) -> [3,5] @3 -> *exception*
( A, B, C, D ) -> [3,5] @4 -> *exception*
( A, B, C, D ) -> [4,5] @0 -> *exception*
( A, B, C, D ) -> [4,5] @1 -> *exception*
( A, B, C, D ) -> [4,5] @2 -> *exception*
( A, B, C, D ) -> [4,5] @3 -> *exception*
( A, B, C, D ) -> [4,5] @4 -> *exception*
( A, B, C, D ) -> [5,5] @0 -> *exception*
( A, B, C, D ) -> [5,5] @1 -> *exception*
( A, B, C, D ) -> [5,5] @2 -> *exception*
( A, B, C, D ) -> [5,5] @3 -> *exception*
( A, B, C, D ) -> [5,5] @4 -> *exception*
