ǅ
ǈ
ǋ
ǲ
ᾈ
ᾉ
ᾊ
ᾋ
ᾌ
ᾍ
ᾎ
ᾏ
ᾘ
ᾙ
ᾚ
ᾛ
ᾜ
ᾝ
ᾞ
ᾟ
ᾨ
ᾩ
ᾪ
ᾫ
ᾬ
ᾭ
ᾮ
ᾯ
ᾼ
ῌ
ῼ
