1
4
8
@

 
B
L
V
c
f
h
m
o
u
 
,
.
L
Q
U
a
b
c
d
e
f
g
h
i
l
m
n
o
p
q
r
s
t
u
v
x
☃
☄
️
🏾
👍

