 
¨
ª
¯
²
³
´
µ
¸
¹
º
¼
½
¾
À
Á
Â
Ã
Ä
Å
Ç
È
É
Ê
Ë
Ì
Í
Î
Ï
Ñ
Ò
Ó
Ô
Õ
Ö
Ù
Ú
Û
Ü
Ý
à
á
â
ã
ä
å
ç
è
é
ê
ë
ì
í
î
ï
ñ
ò
ó
ô
õ
ö
ù
ú
û
ü
ý
ÿ
Ā
ā
Ă
ă
Ą
ą
Ć
ć
Ĉ
ĉ
Ċ
ċ
Č
č
Ď
ď
Ē
ē
Ĕ
ĕ
Ė
ė
Ę
ę
Ě
ě
Ĝ
ĝ
Ğ
ğ
Ġ
ġ
Ģ
ģ
Ĥ
ĥ
Ĩ
ĩ
Ī
ī
Ĭ
ĭ
Į
į
İ
Ĳ
ĳ
Ĵ
ĵ
Ķ
ķ
Ĺ
ĺ
Ļ
ļ
Ľ
ľ
Ŀ
ŀ
Ń
ń
Ņ
ņ
Ň
ň
ŉ
Ō
ō
Ŏ
ŏ
Ő
ő
Ŕ
ŕ
Ŗ
ŗ
Ř
ř
Ś
ś
Ŝ
ŝ
Ş
ş
Š
š
Ţ
ţ
Ť
ť
Ũ
ũ
Ū
ū
Ŭ
ŭ
Ů
ů
Ű
ű
Ų
ų
Ŵ
ŵ
Ŷ
ŷ
Ÿ
Ź
ź
Ż
ż
Ž
ž
ſ
Ơ
ơ
Ư
ư
Ǆ
ǅ
ǆ
Ǉ
ǈ
ǉ
Ǌ
ǋ
ǌ
Ǎ
ǎ
Ǐ
ǐ
Ǒ
ǒ
Ǔ
ǔ
Ǖ
ǖ
Ǘ
ǘ
Ǚ
ǚ
Ǜ
ǜ
Ǟ
ǟ
Ǡ
ǡ
Ǣ
ǣ
Ǧ
ǧ
Ǩ
ǩ
Ǫ
ǫ
Ǭ
ǭ
Ǯ
ǯ
ǰ
Ǳ
ǲ
ǳ
Ǵ
ǵ
Ǹ
ǹ
Ǻ
ǻ
Ǽ
ǽ
Ǿ
ǿ
Ȁ
ȁ
Ȃ
ȃ
Ȅ
ȅ
Ȇ
ȇ
Ȉ
ȉ
Ȋ
ȋ
Ȍ
ȍ
Ȏ
ȏ
Ȑ
ȑ
Ȓ
ȓ
Ȕ
ȕ
Ȗ
ȗ
Ș
ș
Ț
ț
Ȟ
ȟ
Ȧ
ȧ
Ȩ
ȩ
Ȫ
ȫ
Ȭ
ȭ
Ȯ
ȯ
Ȱ
ȱ
Ȳ
ȳ
ʰ
ʱ
ʲ
ʳ
ʴ
ʵ
ʶ
ʷ
ʸ
˘
˙
˚
˛
˜
˝
ˠ
ˡ
ˢ
ˣ
ˤ
̀
́
̓
̈́
ʹ
ͺ
;
΄
΅
Ά
·
Έ
Ή
Ί
Ό
Ύ
Ώ
ΐ
Ϊ
Ϋ
ά
έ
ή
ί
ΰ
ϊ
ϋ
ό
ύ
ώ
ϐ
ϑ
ϒ
ϓ
ϔ
ϕ
ϖ
ϰ
ϱ
ϲ
ϴ
ϵ
Ϲ
Ѐ
Ё
Ѓ
Ї
Ќ
Ѝ
Ў
Й
й
ѐ
ё
ѓ
ї
ќ
ѝ
ў
Ѷ
ѷ
Ӂ
ӂ
Ӑ
ӑ
Ӓ
ӓ
Ӗ
ӗ
Ӛ
ӛ
Ӝ
ӝ
Ӟ
ӟ
Ӣ
ӣ
Ӥ
ӥ
Ӧ
ӧ
Ӫ
ӫ
Ӭ
ӭ
Ӯ
ӯ
Ӱ
ӱ
Ӳ
ӳ
Ӵ
ӵ
Ӹ
ӹ
և
آ
أ
ؤ
إ
ئ
ٵ
ٶ
ٷ
ٸ
ۀ
ۂ
ۓ
ऩ
ऱ
ऴ
क़
ख़
ग़
ज़
ड़
ढ़
फ़
य़
ো
ৌ
ড়
ঢ়
য়
ਲ਼
ਸ਼
ਖ਼
ਗ਼
ਜ਼
ਫ਼
ୈ
ୋ
ୌ
ଡ଼
ଢ଼
ஔ
ொ
ோ
ௌ
ై
ೀ
ೇ
ೈ
ೊ
ೋ
ൊ
ോ
ൌ
ේ
ො
ෝ
ෞ
ำ
ຳ
ໜ
ໝ
༌
གྷ
ཌྷ
དྷ
བྷ
ཛྷ
ཀྵ
ཱི
ཱུ
ྲྀ
ཷ
ླྀ
ཹ
ཱྀ
ྒྷ
ྜྷ
ྡྷ
ྦྷ
ྫྷ
ྐྵ
ဦ
ჼ
ᬆ
ᬈ
ᬊ
ᬌ
ᬎ
ᬒ
ᬻ
ᬽ
ᭀ
ᭁ
ᭃ
ᴬ
ᴭ
ᴮ
ᴰ
ᴱ
ᴲ
ᴳ
ᴴ
ᴵ
ᴶ
ᴷ
ᴸ
ᴹ
ᴺ
ᴼ
ᴽ
ᴾ
ᴿ
ᵀ
ᵁ
ᵂ
ᵃ
ᵄ
ᵅ
ᵆ
ᵇ
ᵈ
ᵉ
ᵊ
ᵋ
ᵌ
ᵍ
ᵏ
ᵐ
ᵑ
ᵒ
ᵓ
ᵔ
ᵕ
ᵖ
ᵗ
ᵘ
ᵙ
ᵚ
ᵛ
ᵜ
ᵝ
ᵞ
ᵟ
ᵠ
ᵡ
ᵢ
ᵣ
ᵤ
ᵥ
ᵦ
ᵧ
ᵨ
ᵩ
ᵪ
ᵸ
ᶛ
ᶜ
ᶝ
ᶞ
ᶟ
ᶠ
ᶡ
ᶢ
ᶣ
ᶤ
ᶥ
ᶦ
ᶧ
ᶨ
ᶩ
ᶪ
ᶫ
ᶬ
ᶭ
ᶮ
ᶯ
ᶰ
ᶱ
ᶲ
ᶳ
ᶴ
ᶵ
ᶶ
ᶷ
ᶸ
ᶹ
ᶺ
ᶻ
ᶼ
ᶽ
ᶾ
ᶿ
Ḁ
ḁ
Ḃ
ḃ
Ḅ
ḅ
Ḇ
ḇ
Ḉ
ḉ
Ḋ
ḋ
Ḍ
ḍ
Ḏ
ḏ
Ḑ
ḑ
Ḓ
ḓ
Ḕ
ḕ
Ḗ
ḗ
Ḙ
ḙ
Ḛ
ḛ
Ḝ
ḝ
Ḟ
ḟ
Ḡ
ḡ
Ḣ
ḣ
Ḥ
ḥ
Ḧ
ḧ
Ḩ
ḩ
Ḫ
ḫ
Ḭ
ḭ
Ḯ
ḯ
Ḱ
ḱ
Ḳ
ḳ
Ḵ
ḵ
Ḷ
ḷ
Ḹ
ḹ
Ḻ
ḻ
Ḽ
ḽ
Ḿ
ḿ
Ṁ
ṁ
Ṃ
ṃ
Ṅ
ṅ
Ṇ
ṇ
Ṉ
ṉ
Ṋ
ṋ
Ṍ
ṍ
Ṏ
ṏ
Ṑ
ṑ
Ṓ
ṓ
Ṕ
ṕ
Ṗ
ṗ
Ṙ
ṙ
Ṛ
ṛ
Ṝ
ṝ
Ṟ
ṟ
Ṡ
ṡ
Ṣ
ṣ
Ṥ
ṥ
Ṧ
ṧ
Ṩ
ṩ
Ṫ
ṫ
Ṭ
ṭ
Ṯ
ṯ
Ṱ
ṱ
Ṳ
ṳ
Ṵ
ṵ
Ṷ
ṷ
Ṹ
ṹ
Ṻ
ṻ
Ṽ
ṽ
Ṿ
ṿ
Ẁ
ẁ
Ẃ
ẃ
Ẅ
ẅ
Ẇ
ẇ
Ẉ
ẉ
Ẋ
ẋ
Ẍ
ẍ
Ẏ
ẏ
Ẑ
ẑ
Ẓ
ẓ
Ẕ
ẕ
ẖ
ẗ
ẘ
ẙ
ẚ
ẛ
Ạ
ạ
Ả
ả
Ấ
ấ
Ầ
ầ
Ẩ
ẩ
Ẫ
ẫ
Ậ
ậ
Ắ
ắ
Ằ
ằ
Ẳ
ẳ
Ẵ
ẵ
Ặ
ặ
Ẹ
ẹ
Ẻ
ẻ
Ẽ
ẽ
Ế
ế
Ề
ề
Ể
ể
Ễ
ễ
Ệ
ệ
Ỉ
ỉ
Ị
ị
Ọ
ọ
Ỏ
ỏ
Ố
ố
Ồ
ồ
Ổ
ổ
Ỗ
ỗ
Ộ
ộ
Ớ
ớ
Ờ
ờ
Ở
ở
Ỡ
ỡ
Ợ
ợ
Ụ
ụ
Ủ
ủ
Ứ
ứ
Ừ
ừ
Ử
ử
Ữ
ữ
Ự
ự
Ỳ
ỳ
Ỵ
ỵ
Ỷ
ỷ
Ỹ
ỹ
ἀ
ἁ
ἂ
ἃ
ἄ
ἅ
ἆ
ἇ
Ἀ
Ἁ
Ἂ
Ἃ
Ἄ
Ἅ
Ἆ
Ἇ
ἐ
ἑ
ἒ
ἓ
ἔ
ἕ
Ἐ
Ἑ
Ἒ
Ἓ
Ἔ
Ἕ
ἠ
ἡ
ἢ
ἣ
ἤ
ἥ
ἦ
ἧ
Ἠ
Ἡ
Ἢ
Ἣ
Ἤ
Ἥ
Ἦ
Ἧ
ἰ
ἱ
ἲ
ἳ
ἴ
ἵ
ἶ
ἷ
Ἰ
Ἱ
Ἲ
Ἳ
Ἴ
Ἵ
Ἶ
Ἷ
ὀ
ὁ
ὂ
ὃ
ὄ
ὅ
Ὀ
Ὁ
Ὂ
Ὃ
Ὄ
Ὅ
ὐ
ὑ
ὒ
ὓ
ὔ
ὕ
ὖ
ὗ
Ὑ
Ὓ
Ὕ
Ὗ
ὠ
ὡ
ὢ
ὣ
ὤ
ὥ
ὦ
ὧ
Ὠ
Ὡ
Ὢ
Ὣ
Ὤ
Ὥ
Ὦ
Ὧ
ὰ
ά
ὲ
έ
ὴ
ή
ὶ
ί
ὸ
ό
ὺ
ύ
ὼ
ώ
ᾀ
ᾁ
ᾂ
ᾃ
ᾄ
ᾅ
ᾆ
ᾇ
ᾈ
ᾉ
ᾊ
ᾋ
ᾌ
ᾍ
ᾎ
ᾏ
ᾐ
ᾑ
ᾒ
ᾓ
ᾔ
ᾕ
ᾖ
ᾗ
ᾘ
ᾙ
ᾚ
ᾛ
ᾜ
ᾝ
ᾞ
ᾟ
ᾠ
ᾡ
ᾢ
ᾣ
ᾤ
ᾥ
ᾦ
ᾧ
ᾨ
ᾩ
ᾪ
ᾫ
ᾬ
ᾭ
ᾮ
ᾯ
ᾰ
ᾱ
ᾲ
ᾳ
ᾴ
ᾶ
ᾷ
Ᾰ
Ᾱ
Ὰ
Ά
ᾼ
᾽
ι
᾿
῀
῁
ῂ
ῃ
ῄ
ῆ
ῇ
Ὲ
Έ
Ὴ
Ή
ῌ
῍
῎
῏
ῐ
ῑ
ῒ
ΐ
ῖ
ῗ
Ῐ
Ῑ
Ὶ
Ί
῝
῞
῟
ῠ
ῡ
ῢ
ΰ
ῤ
ῥ
ῦ
ῧ
Ῠ
Ῡ
Ὺ
Ύ
Ῥ
῭
΅
`
ῲ
ῳ
ῴ
ῶ
ῷ
Ὸ
Ό
Ὼ
Ώ
ῼ
´
῾
 
 
 
 
 
 
 
 
 
 
 
‑
‗
․
‥
…
 
″
‴
‶
‷
‼
‾
⁇
⁈
⁉
⁗
 
⁰
ⁱ
⁴
⁵
⁶
⁷
⁸
⁹
⁺
⁻
⁼
⁽
⁾
ⁿ
₀
₁
₂
₃
₄
₅
₆
₇
₈
₉
₊
₋
₌
₍
₎
ₐ
ₑ
ₒ
ₓ
ₔ
ₕ
ₖ
ₗ
ₘ
ₙ
ₚ
ₛ
ₜ
₨
℀
℁
ℂ
℃
℅
℆
ℇ
℉
ℊ
ℋ
ℌ
ℍ
ℎ
ℏ
ℐ
ℑ
ℒ
ℓ
ℕ
№
ℙ
ℚ
ℛ
ℜ
ℝ
℠
℡
™
ℤ
Ω
ℨ
K
Å
ℬ
ℭ
ℯ
ℰ
ℱ
ℳ
ℴ
ℵ
ℶ
ℷ
ℸ
ℹ
℻
ℼ
ℽ
ℾ
ℿ
⅀
ⅅ
ⅆ
ⅇ
ⅈ
ⅉ
⅐
⅑
⅒
⅓
⅔
⅕
⅖
⅗
⅘
⅙
⅚
⅛
⅜
⅝
⅞
⅟
Ⅰ
Ⅱ
Ⅲ
Ⅳ
Ⅴ
Ⅵ
Ⅶ
Ⅷ
Ⅸ
Ⅹ
Ⅺ
Ⅻ
Ⅼ
Ⅽ
Ⅾ
Ⅿ
ⅰ
ⅱ
ⅲ
ⅳ
ⅴ
ⅵ
ⅶ
ⅷ
ⅸ
ⅹ
ⅺ
ⅻ
ⅼ
ⅽ
ⅾ
ⅿ
↉
↚
↛
↮
⇍
⇎
⇏
∄
∉
∌
∤
∦
∬
∭
∯
∰
≁
≄
≇
≉
≠
≢
≭
≮
≯
≰
≱
≴
≵
≸
≹
⊀
⊁
⊄
⊅
⊈
⊉
⊬
⊭
⊮
⊯
⋠
⋡
⋢
⋣
⋪
⋫
⋬
⋭
〈
〉
①
②
③
④
⑤
⑥
⑦
⑧
⑨
⑩
⑪
⑫
⑬
⑭
⑮
⑯
⑰
⑱
⑲
⑳
⑴
⑵
⑶
⑷
⑸
⑹
⑺
⑻
⑼
⑽
⑾
⑿
⒀
⒁
⒂
⒃
⒄
⒅
⒆
⒇
⒈
⒉
⒊
⒋
⒌
⒍
⒎
⒏
⒐
⒑
⒒
⒓
⒔
⒕
⒖
⒗
⒘
⒙
⒚
⒛
⒜
⒝
⒞
⒟
⒠
⒡
⒢
⒣
⒤
⒥
⒦
⒧
⒨
⒩
⒪
⒫
⒬
⒭
⒮
⒯
⒰
⒱
⒲
⒳
⒴
⒵
Ⓐ
Ⓑ
Ⓒ
Ⓓ
Ⓔ
Ⓕ
Ⓖ
Ⓗ
Ⓘ
Ⓙ
Ⓚ
Ⓛ
Ⓜ
Ⓝ
Ⓞ
Ⓟ
Ⓠ
Ⓡ
Ⓢ
Ⓣ
Ⓤ
Ⓥ
Ⓦ
Ⓧ
Ⓨ
Ⓩ
ⓐ
ⓑ
ⓒ
ⓓ
ⓔ
ⓕ
ⓖ
ⓗ
ⓘ
ⓙ
ⓚ
ⓛ
ⓜ
ⓝ
ⓞ
ⓟ
ⓠ
ⓡ
ⓢ
ⓣ
ⓤ
ⓥ
ⓦ
ⓧ
ⓨ
ⓩ
⓪
⨌
⩴
⩵
⩶
⫝̸
ⱼ
ⱽ
ⵯ
⺟
⻳
⼀
⼁
⼂
⼃
⼄
⼅
⼆
⼇
⼈
⼉
⼊
⼋
⼌
⼍
⼎
⼏
⼐
⼑
⼒
⼓
⼔
⼕
⼖
⼗
⼘
⼙
⼚
⼛
⼜
⼝
⼞
⼟
⼠
⼡
⼢
⼣
⼤
⼥
⼦
⼧
⼨
⼩
⼪
⼫
⼬
⼭
⼮
⼯
⼰
⼱
⼲
⼳
⼴
⼵
⼶
⼷
⼸
⼹
⼺
⼻
⼼
⼽
⼾
⼿
⽀
⽁
⽂
⽃
⽄
⽅
⽆
⽇
⽈
⽉
⽊
⽋
⽌
⽍
⽎
⽏
⽐
⽑
⽒
⽓
⽔
⽕
⽖
⽗
⽘
⽙
⽚
⽛
⽜
⽝
⽞
⽟
⽠
⽡
⽢
⽣
⽤
⽥
⽦
⽧
⽨
⽩
⽪
⽫
⽬
⽭
⽮
⽯
⽰
⽱
⽲
⽳
⽴
⽵
⽶
⽷
⽸
⽹
⽺
⽻
⽼
⽽
⽾
⽿
⾀
⾁
⾂
⾃
⾄
⾅
⾆
⾇
⾈
⾉
⾊
⾋
⾌
⾍
⾎
⾏
⾐
⾑
⾒
⾓
⾔
⾕
⾖
⾗
⾘
⾙
⾚
⾛
⾜
⾝
⾞
⾟
⾠
⾡
⾢
⾣
⾤
⾥
⾦
⾧
⾨
⾩
⾪
⾫
⾬
⾭
⾮
⾯
⾰
⾱
⾲
⾳
⾴
⾵
⾶
⾷
⾸
⾹
⾺
⾻
⾼
⾽
⾾
⾿
⿀
⿁
⿂
⿃
⿄
⿅
⿆
⿇
⿈
⿉
⿊
⿋
⿌
⿍
⿎
⿏
⿐
⿑
⿒
⿓
⿔
⿕
　
〶
〸
〹
〺
が
ぎ
ぐ
げ
ご
ざ
じ
ず
ぜ
ぞ
だ
ぢ
づ
で
ど
ば
ぱ
び
ぴ
ぶ
ぷ
べ
ぺ
ぼ
ぽ
ゔ
゛
゜
ゞ
ゟ
ガ
ギ
グ
ゲ
ゴ
ザ
ジ
ズ
ゼ
ゾ
ダ
ヂ
ヅ
デ
ド
バ
パ
ビ
ピ
ブ
プ
ベ
ペ
ボ
ポ
ヴ
ヷ
ヸ
ヹ
ヺ
ヾ
ヿ
ㄱ
ㄲ
ㄳ
ㄴ
ㄵ
ㄶ
ㄷ
ㄸ
ㄹ
ㄺ
ㄻ
ㄼ
ㄽ
ㄾ
ㄿ
ㅀ
ㅁ
ㅂ
ㅃ
ㅄ
ㅅ
ㅆ
ㅇ
ㅈ
ㅉ
ㅊ
ㅋ
ㅌ
ㅍ
ㅎ
ㅏ
ㅐ
ㅑ
ㅒ
ㅓ
ㅔ
ㅕ
ㅖ
ㅗ
ㅘ
ㅙ
ㅚ
ㅛ
ㅜ
ㅝ
ㅞ
ㅟ
ㅠ
ㅡ
ㅢ
ㅣ
ㅤ
ㅥ
ㅦ
ㅧ
ㅨ
ㅩ
ㅪ
ㅫ
ㅬ
ㅭ
ㅮ
ㅯ
ㅰ
ㅱ
ㅲ
ㅳ
ㅴ
ㅵ
ㅶ
ㅷ
ㅸ
ㅹ
ㅺ
ㅻ
ㅼ
ㅽ
ㅾ
ㅿ
ㆀ
ㆁ
ㆂ
ㆃ
ㆄ
ㆅ
ㆆ
ㆇ
ㆈ
ㆉ
ㆊ
ㆋ
ㆌ
ㆍ
ㆎ
㆒
㆓
㆔
㆕
㆖
㆗
㆘
㆙
㆚
㆛
㆜
㆝
㆞
㆟
㈀
㈁
㈂
㈃
㈄
㈅
㈆
㈇
㈈
㈉
㈊
㈋
㈌
㈍
㈎
㈏
㈐
㈑
㈒
㈓
㈔
㈕
㈖
㈗
㈘
㈙
㈚
㈛
㈜
㈝
㈞
㈠
㈡
㈢
㈣
㈤
㈥
㈦
㈧
㈨
㈩
㈪
㈫
㈬
㈭
㈮
㈯
㈰
㈱
㈲
㈳
㈴
㈵
㈶
㈷
㈸
㈹
㈺
㈻
㈼
㈽
㈾
㈿
㉀
㉁
㉂
㉃
㉄
㉅
㉆
㉇
㉐
㉑
㉒
㉓
㉔
㉕
㉖
㉗
㉘
㉙
㉚
㉛
㉜
㉝
㉞
㉟
㉠
㉡
㉢
㉣
㉤
㉥
㉦
㉧
㉨
㉩
㉪
㉫
㉬
㉭
㉮
㉯
㉰
㉱
㉲
㉳
㉴
㉵
㉶
㉷
㉸
㉹
㉺
㉻
㉼
㉽
㉾
㊀
㊁
㊂
㊃
㊄
㊅
㊆
㊇
㊈
㊉
㊊
㊋
㊌
㊍
㊎
㊏
㊐
㊑
㊒
㊓
㊔
㊕
㊖
㊗
㊘
㊙
㊚
㊛
㊜
㊝
㊞
㊟
㊠
㊡
㊢
㊣
㊤
㊥
㊦
㊧
㊨
㊩
㊪
㊫
㊬
㊭
㊮
㊯
㊰
㊱
㊲
㊳
㊴
㊵
㊶
㊷
㊸
㊹
㊺
㊻
㊼
㊽
㊾
㊿
㋀
㋁
㋂
㋃
㋄
㋅
㋆
㋇
㋈
㋉
㋊
㋋
㋌
㋍
㋎
㋏
㋐
㋑
㋒
㋓
㋔
㋕
㋖
㋗
㋘
㋙
㋚
㋛
㋜
㋝
㋞
㋟
㋠
㋡
㋢
㋣
㋤
㋥
㋦
㋧
㋨
㋩
㋪
㋫
㋬
㋭
㋮
㋯
㋰
㋱
㋲
㋳
㋴
㋵
㋶
㋷
㋸
㋹
㋺
㋻
㋼
㋽
㋾
㋿
㌀
㌁
㌂
㌃
㌄
㌅
㌆
㌇
㌈
㌉
㌊
㌋
㌌
㌍
㌎
㌏
㌐
㌑
㌒
㌓
㌔
㌕
㌖
㌗
㌘
㌙
㌚
㌛
㌜
㌝
㌞
㌟
㌠
㌡
㌢
㌣
㌤
㌥
㌦
㌧
㌨
㌩
㌪
㌫
㌬
㌭
㌮
㌯
㌰
㌱
㌲
㌳
㌴
㌵
㌶
㌷
㌸
㌹
㌺
㌻
㌼
㌽
㌾
㌿
㍀
㍁
㍂
㍃
㍄
㍅
㍆
㍇
㍈
㍉
㍊
㍋
㍌
㍍
㍎
㍏
㍐
㍑
㍒
㍓
㍔
㍕
㍖
㍗
㍘
㍙
㍚
㍛
㍜
㍝
㍞
㍟
㍠
㍡
㍢
㍣
㍤
㍥
㍦
㍧
㍨
㍩
㍪
㍫
㍬
㍭
㍮
㍯
㍰
㍱
㍲
㍳
㍴
㍵
㍶
㍷
㍸
㍹
㍺
㍻
㍼
㍽
㍾
㍿
㎀
㎁
㎂
㎃
㎄
㎅
㎆
㎇
㎈
㎉
㎊
㎋
㎌
㎍
㎎
㎏
㎐
㎑
㎒
㎓
㎔
㎕
㎖
㎗
㎘
㎙
㎚
㎛
㎜
㎝
㎞
㎟
㎠
㎡
㎢
㎣
㎤
㎥
㎦
㎧
㎨
㎩
㎪
㎫
㎬
㎭
㎮
㎯
㎰
㎱
㎲
㎳
㎴
㎵
㎶
㎷
㎸
㎹
㎺
㎻
㎼
㎽
㎾
㎿
㏀
㏁
㏂
㏃
㏄
㏅
㏆
㏇
㏈
㏉
㏊
㏋
㏌
㏍
㏎
㏏
㏐
㏑
㏒
㏓
㏔
㏕
㏖
㏗
㏘
㏙
㏚
㏛
㏜
㏝
㏞
㏟
㏠
㏡
㏢
㏣
㏤
㏥
㏦
㏧
㏨
㏩
㏪
㏫
㏬
㏭
㏮
㏯
㏰
㏱
㏲
㏳
㏴
㏵
㏶
㏷
㏸
㏹
㏺
㏻
㏼
㏽
㏾
㏿
ꚜ
ꚝ
ꝰ
ꟸ
ꟹ
ꭜ
ꭝ
ꭞ
ꭟ
豈
更
車
賈
滑
串
句
龜
龜
契
金
喇
奈
懶
癩
羅
蘿
螺
裸
邏
樂
洛
烙
珞
落
酪
駱
亂
卵
欄
爛
蘭
鸞
嵐
濫
藍
襤
拉
臘
蠟
廊
朗
浪
狼
郎
來
冷
勞
擄
櫓
爐
盧
老
蘆
虜
路
露
魯
鷺
碌
祿
綠
菉
錄
鹿
論
壟
弄
籠
聾
牢
磊
賂
雷
壘
屢
樓
淚
漏
累
縷
陋
勒
肋
凜
凌
稜
綾
菱
陵
讀
拏
樂
諾
丹
寧
怒
率
異
北
磻
便
復
不
泌
數
索
參
塞
省
葉
說
殺
辰
沈
拾
若
掠
略
亮
兩
凉
梁
糧
良
諒
量
勵
呂
女
廬
旅
濾
礪
閭
驪
麗
黎
力
曆
歷
轢
年
憐
戀
撚
漣
煉
璉
秊
練
聯
輦
蓮
連
鍊
列
劣
咽
烈
裂
說
廉
念
捻
殮
簾
獵
令
囹
寧
嶺
怜
玲
瑩
羚
聆
鈴
零
靈
領
例
禮
醴
隸
惡
了
僚
寮
尿
料
樂
燎
療
蓼
遼
龍
暈
阮
劉
杻
柳
流
溜
琉
留
硫
紐
類
六
戮
陸
倫
崙
淪
輪
律
慄
栗
率
隆
利
吏
履
易
李
梨
泥
理
痢
罹
裏
裡
里
離
匿
溺
吝
燐
璘
藺
隣
鱗
麟
林
淋
臨
立
笠
粒
狀
炙
識
什
茶
刺
切
度
拓
糖
宅
洞
暴
輻
行
降
見
廓
兀
嗀
塚
晴
凞
猪
益
礼
神
祥
福
靖
精
羽
蘒
諸
逸
都
飯
飼
館
鶴
郞
隷
侮
僧
免
勉
勤
卑
喝
嘆
器
塀
墨
層
屮
悔
慨
憎
懲
敏
既
暑
梅
海
渚
漢
煮
爫
琢
碑
社
祉
祈
祐
祖
祝
禍
禎
穀
突
節
練
縉
繁
署
者
臭
艹
艹
著
褐
視
謁
謹
賓
贈
辶
逸
難
響
頻
恵
𤋮
舘
並
况
全
侀
充
冀
勇
勺
喝
啕
喙
嗢
塚
墳
奄
奔
婢
嬨
廒
廙
彩
徭
惘
慎
愈
憎
慠
懲
戴
揄
搜
摒
敖
晴
朗
望
杖
歹
殺
流
滛
滋
漢
瀞
煮
瞧
爵
犯
猪
瑱
甆
画
瘝
瘟
益
盛
直
睊
着
磌
窱
節
类
絛
練
缾
者
荒
華
蝹
襁
覆
視
調
諸
請
謁
諾
諭
謹
變
贈
輸
遲
醙
鉶
陼
難
靖
韛
響
頋
頻
鬒
龜
𢡊
𢡄
𣏕
㮝
䀘
䀹
𥉉
𥳐
𧻓
齃
龎
ﬀ
ﬁ
ﬂ
ﬃ
ﬄ
ﬅ
ﬆ
ﬓ
ﬔ
ﬕ
ﬖ
ﬗ
יִ
ײַ
ﬠ
ﬡ
ﬢ
ﬣ
ﬤ
ﬥ
ﬦ
ﬧ
ﬨ
﬩
שׁ
שׂ
שּׁ
שּׂ
אַ
אָ
אּ
בּ
גּ
דּ
הּ
וּ
זּ
טּ
יּ
ךּ
כּ
לּ
מּ
נּ
סּ
ףּ
פּ
צּ
קּ
רּ
שּ
תּ
וֹ
בֿ
כֿ
פֿ
ﭏ
ﭐ
ﭑ
ﭒ
ﭓ
ﭔ
ﭕ
ﭖ
ﭗ
ﭘ
ﭙ
ﭚ
ﭛ
ﭜ
ﭝ
ﭞ
ﭟ
ﭠ
ﭡ
ﭢ
ﭣ
ﭤ
ﭥ
ﭦ
ﭧ
ﭨ
ﭩ
ﭪ
ﭫ
ﭬ
ﭭ
ﭮ
ﭯ
ﭰ
ﭱ
ﭲ
ﭳ
ﭴ
ﭵ
ﭶ
ﭷ
ﭸ
ﭹ
ﭺ
ﭻ
ﭼ
ﭽ
ﭾ
ﭿ
ﮀ
ﮁ
ﮂ
ﮃ
ﮄ
ﮅ
ﮆ
ﮇ
ﮈ
ﮉ
ﮊ
ﮋ
ﮌ
ﮍ
ﮎ
ﮏ
ﮐ
ﮑ
ﮒ
ﮓ
ﮔ
ﮕ
ﮖ
ﮗ
ﮘ
ﮙ
ﮚ
ﮛ
ﮜ
ﮝ
ﮞ
ﮟ
ﮠ
ﮡ
ﮢ
ﮣ
ﮤ
ﮥ
ﮦ
ﮧ
ﮨ
ﮩ
ﮪ
ﮫ
ﮬ
ﮭ
ﮮ
ﮯ
ﮰ
ﮱ
ﯓ
ﯔ
ﯕ
ﯖ
ﯗ
ﯘ
ﯙ
ﯚ
ﯛ
ﯜ
ﯝ
ﯞ
ﯟ
ﯠ
ﯡ
ﯢ
ﯣ
ﯤ
ﯥ
ﯦ
ﯧ
ﯨ
ﯩ
ﯪ
ﯫ
ﯬ
ﯭ
ﯮ
ﯯ
ﯰ
ﯱ
ﯲ
ﯳ
ﯴ
ﯵ
ﯶ
ﯷ
ﯸ
ﯹ
ﯺ
ﯻ
ﯼ
ﯽ
ﯾ
ﯿ
ﰀ
ﰁ
ﰂ
ﰃ
ﰄ
ﰅ
ﰆ
ﰇ
ﰈ
ﰉ
ﰊ
ﰋ
ﰌ
ﰍ
ﰎ
ﰏ
ﰐ
ﰑ
ﰒ
ﰓ
ﰔ
ﰕ
ﰖ
ﰗ
ﰘ
ﰙ
ﰚ
ﰛ
ﰜ
ﰝ
ﰞ
ﰟ
ﰠ
ﰡ
ﰢ
ﰣ
ﰤ
ﰥ
ﰦ
ﰧ
ﰨ
ﰩ
ﰪ
ﰫ
ﰬ
ﰭ
ﰮ
ﰯ
ﰰ
ﰱ
ﰲ
ﰳ
ﰴ
ﰵ
ﰶ
ﰷ
ﰸ
ﰹ
ﰺ
ﰻ
ﰼ
ﰽ
ﰾ
ﰿ
ﱀ
ﱁ
ﱂ
ﱃ
ﱄ
ﱅ
ﱆ
ﱇ
ﱈ
ﱉ
ﱊ
ﱋ
ﱌ
ﱍ
ﱎ
ﱏ
ﱐ
ﱑ
ﱒ
ﱓ
ﱔ
ﱕ
ﱖ
ﱗ
ﱘ
ﱙ
ﱚ
ﱛ
ﱜ
ﱝ
ﱞ
ﱟ
ﱠ
ﱡ
ﱢ
ﱣ
ﱤ
ﱥ
ﱦ
ﱧ
ﱨ
ﱩ
ﱪ
ﱫ
ﱬ
ﱭ
ﱮ
ﱯ
ﱰ
ﱱ
ﱲ
ﱳ
ﱴ
ﱵ
ﱶ
ﱷ
ﱸ
ﱹ
ﱺ
ﱻ
ﱼ
ﱽ
ﱾ
ﱿ
ﲀ
ﲁ
ﲂ
ﲃ
ﲄ
ﲅ
ﲆ
ﲇ
ﲈ
ﲉ
ﲊ
ﲋ
ﲌ
ﲍ
ﲎ
ﲏ
ﲐ
ﲑ
ﲒ
ﲓ
ﲔ
ﲕ
ﲖ
ﲗ
ﲘ
ﲙ
ﲚ
ﲛ
ﲜ
ﲝ
ﲞ
ﲟ
ﲠ
ﲡ
ﲢ
ﲣ
ﲤ
ﲥ
ﲦ
ﲧ
ﲨ
ﲩ
ﲪ
ﲫ
ﲬ
ﲭ
ﲮ
ﲯ
ﲰ
ﲱ
ﲲ
ﲳ
ﲴ
ﲵ
ﲶ
ﲷ
ﲸ
ﲹ
ﲺ
ﲻ
ﲼ
ﲽ
ﲾ
ﲿ
ﳀ
ﳁ
ﳂ
ﳃ
ﳄ
ﳅ
ﳆ
ﳇ
ﳈ
ﳉ
ﳊ
ﳋ
ﳌ
ﳍ
ﳎ
ﳏ
ﳐ
ﳑ
ﳒ
ﳓ
ﳔ
ﳕ
ﳖ
ﳗ
ﳘ
ﳙ
ﳚ
ﳛ
ﳜ
ﳝ
ﳞ
ﳟ
ﳠ
ﳡ
ﳢ
ﳣ
ﳤ
ﳥ
ﳦ
ﳧ
ﳨ
ﳩ
ﳪ
ﳫ
ﳬ
ﳭ
ﳮ
ﳯ
ﳰ
ﳱ
ﳲ
ﳳ
ﳴ
ﳵ
ﳶ
ﳷ
ﳸ
ﳹ
ﳺ
ﳻ
ﳼ
ﳽ
ﳾ
ﳿ
ﴀ
ﴁ
ﴂ
ﴃ
ﴄ
ﴅ
ﴆ
ﴇ
ﴈ
ﴉ
ﴊ
ﴋ
ﴌ
ﴍ
ﴎ
ﴏ
ﴐ
ﴑ
ﴒ
ﴓ
ﴔ
ﴕ
ﴖ
ﴗ
ﴘ
ﴙ
ﴚ
ﴛ
ﴜ
ﴝ
ﴞ
ﴟ
ﴠ
ﴡ
ﴢ
ﴣ
ﴤ
ﴥ
ﴦ
ﴧ
ﴨ
ﴩ
ﴪ
ﴫ
ﴬ
ﴭ
ﴮ
ﴯ
ﴰ
ﴱ
ﴲ
ﴳ
ﴴ
ﴵ
ﴶ
ﴷ
ﴸ
ﴹ
ﴺ
ﴻ
ﴼ
ﴽ
ﵐ
ﵑ
ﵒ
ﵓ
ﵔ
ﵕ
ﵖ
ﵗ
ﵘ
ﵙ
ﵚ
ﵛ
ﵜ
ﵝ
ﵞ
ﵟ
ﵠ
ﵡ
ﵢ
ﵣ
ﵤ
ﵥ
ﵦ
ﵧ
ﵨ
ﵩ
ﵪ
ﵫ
ﵬ
ﵭ
ﵮ
ﵯ
ﵰ
ﵱ
ﵲ
ﵳ
ﵴ
ﵵ
ﵶ
ﵷ
ﵸ
ﵹ
ﵺ
ﵻ
ﵼ
ﵽ
ﵾ
ﵿ
ﶀ
ﶁ
ﶂ
ﶃ
ﶄ
ﶅ
ﶆ
ﶇ
ﶈ
ﶉ
ﶊ
ﶋ
ﶌ
ﶍ
ﶎ
ﶏ
ﶒ
ﶓ
ﶔ
ﶕ
ﶖ
ﶗ
ﶘ
ﶙ
ﶚ
ﶛ
ﶜ
ﶝ
ﶞ
ﶟ
ﶠ
ﶡ
ﶢ
ﶣ
ﶤ
ﶥ
ﶦ
ﶧ
ﶨ
ﶩ
ﶪ
ﶫ
ﶬ
ﶭ
ﶮ
ﶯ
ﶰ
ﶱ
ﶲ
ﶳ
ﶴ
ﶵ
ﶶ
ﶷ
ﶸ
ﶹ
ﶺ
ﶻ
ﶼ
ﶽ
ﶾ
ﶿ
ﷀ
ﷁ
ﷂ
ﷃ
ﷄ
ﷅ
ﷆ
ﷇ
ﷰ
ﷱ
ﷲ
ﷳ
ﷴ
ﷵ
ﷶ
ﷷ
ﷸ
ﷹ
ﷺ
ﷻ
﷼
︐
︑
︒
︓
︔
︕
︖
︗
︘
︙
︰
︱
︲
︳
︴
︵
︶
︷
︸
︹
︺
︻
︼
︽
︾
︿
﹀
﹁
﹂
﹃
﹄
﹇
﹈
﹉
﹊
﹋
﹌
﹍
﹎
﹏
﹐
﹑
﹒
﹔
﹕
﹖
﹗
﹘
﹙
﹚
﹛
﹜
﹝
﹞
﹟
﹠
﹡
﹢
﹣
﹤
﹥
﹦
﹨
﹩
﹪
﹫
ﹰ
ﹱ
ﹲ
ﹴ
ﹶ
ﹷ
ﹸ
ﹹ
ﹺ
ﹻ
ﹼ
ﹽ
ﹾ
ﹿ
ﺀ
ﺁ
ﺂ
ﺃ
ﺄ
ﺅ
ﺆ
ﺇ
ﺈ
ﺉ
ﺊ
ﺋ
ﺌ
ﺍ
ﺎ
ﺏ
ﺐ
ﺑ
ﺒ
ﺓ
ﺔ
ﺕ
ﺖ
ﺗ
ﺘ
ﺙ
ﺚ
ﺛ
ﺜ
ﺝ
ﺞ
ﺟ
ﺠ
ﺡ
ﺢ
ﺣ
ﺤ
ﺥ
ﺦ
ﺧ
ﺨ
ﺩ
ﺪ
ﺫ
ﺬ
ﺭ
ﺮ
ﺯ
ﺰ
ﺱ
ﺲ
ﺳ
ﺴ
ﺵ
ﺶ
ﺷ
ﺸ
ﺹ
ﺺ
ﺻ
ﺼ
ﺽ
ﺾ
ﺿ
ﻀ
ﻁ
ﻂ
ﻃ
ﻄ
ﻅ
ﻆ
ﻇ
ﻈ
ﻉ
ﻊ
ﻋ
ﻌ
ﻍ
ﻎ
ﻏ
ﻐ
ﻑ
ﻒ
ﻓ
ﻔ
ﻕ
ﻖ
ﻗ
ﻘ
ﻙ
ﻚ
ﻛ
ﻜ
ﻝ
ﻞ
ﻟ
ﻠ
ﻡ
ﻢ
ﻣ
ﻤ
ﻥ
ﻦ
ﻧ
ﻨ
ﻩ
ﻪ
ﻫ
ﻬ
ﻭ
ﻮ
ﻯ
ﻰ
ﻱ
ﻲ
ﻳ
ﻴ
ﻵ
ﻶ
ﻷ
ﻸ
ﻹ
ﻺ
ﻻ
ﻼ
！
＂
＃
＄
％
＆
＇
（
）
＊
＋
，
－
．
／
０
１
２
３
４
５
６
７
８
９
：
；
＜
＝
＞
？
＠
Ａ
Ｂ
Ｃ
Ｄ
Ｅ
Ｆ
Ｇ
Ｈ
Ｉ
Ｊ
Ｋ
Ｌ
Ｍ
Ｎ
Ｏ
Ｐ
Ｑ
Ｒ
Ｓ
Ｔ
Ｕ
Ｖ
Ｗ
Ｘ
Ｙ
Ｚ
［
＼
］
＾
＿
｀
ａ
ｂ
ｃ
ｄ
ｅ
ｆ
ｇ
ｈ
ｉ
ｊ
ｋ
ｌ
ｍ
ｎ
ｏ
ｐ
ｑ
ｒ
ｓ
ｔ
ｕ
ｖ
ｗ
ｘ
ｙ
ｚ
｛
｜
｝
～
｟
｠
｡
｢
｣
､
･
ｦ
ｧ
ｨ
ｩ
ｪ
ｫ
ｬ
ｭ
ｮ
ｯ
ｰ
ｱ
ｲ
ｳ
ｴ
ｵ
ｶ
ｷ
ｸ
ｹ
ｺ
ｻ
ｼ
ｽ
ｾ
ｿ
ﾀ
ﾁ
ﾂ
ﾃ
ﾄ
ﾅ
ﾆ
ﾇ
ﾈ
ﾉ
ﾊ
ﾋ
ﾌ
ﾍ
ﾎ
ﾏ
ﾐ
ﾑ
ﾒ
ﾓ
ﾔ
ﾕ
ﾖ
ﾗ
ﾘ
ﾙ
ﾚ
ﾛ
ﾜ
ﾝ
ﾞ
ﾟ
ﾠ
ﾡ
ﾢ
ﾣ
ﾤ
ﾥ
ﾦ
ﾧ
ﾨ
ﾩ
ﾪ
ﾫ
ﾬ
ﾭ
ﾮ
ﾯ
ﾰ
ﾱ
ﾲ
ﾳ
ﾴ
ﾵ
ﾶ
ﾷ
ﾸ
ﾹ
ﾺ
ﾻ
ﾼ
ﾽ
ﾾ
ￂ
ￃ
ￄ
ￅ
ￆ
ￇ
ￊ
ￋ
ￌ
ￍ
ￎ
ￏ
ￒ
ￓ
ￔ
ￕ
ￖ
ￗ
ￚ
ￛ
ￜ
￠
￡
￢
￣
￤
￥
￦
￨
￩
￪
￫
￬
￭
￮
𑂚
𑂜
𑂫
𑄮
𑄯
𑍋
𑍌
𑒻
𑒼
𑒾
𑖺
𑖻
𝅗𝅥
𝅘𝅥
𝅘𝅥𝅮
𝅘𝅥𝅯
𝅘𝅥𝅰
𝅘𝅥𝅱
𝅘𝅥𝅲
𝆹𝅥
𝆺𝅥
𝆹𝅥𝅮
𝆺𝅥𝅮
𝆹𝅥𝅯
𝆺𝅥𝅯
𝐀
𝐁
𝐂
𝐃
𝐄
𝐅
𝐆
𝐇
𝐈
𝐉
𝐊
𝐋
𝐌
𝐍
𝐎
𝐏
𝐐
𝐑
𝐒
𝐓
𝐔
𝐕
𝐖
𝐗
𝐘
𝐙
𝐚
𝐛
𝐜
𝐝
𝐞
𝐟
𝐠
𝐡
𝐢
𝐣
𝐤
𝐥
𝐦
𝐧
𝐨
𝐩
𝐪
𝐫
𝐬
𝐭
𝐮
𝐯
𝐰
𝐱
𝐲
𝐳
𝐴
𝐵
𝐶
𝐷
𝐸
𝐹
𝐺
𝐻
𝐼
𝐽
𝐾
𝐿
𝑀
𝑁
𝑂
𝑃
𝑄
𝑅
𝑆
𝑇
𝑈
𝑉
𝑊
𝑋
𝑌
𝑍
𝑎
𝑏
𝑐
𝑑
𝑒
𝑓
𝑔
𝑖
𝑗
𝑘
𝑙
𝑚
𝑛
𝑜
𝑝
𝑞
𝑟
𝑠
𝑡
𝑢
𝑣
𝑤
𝑥
𝑦
𝑧
𝑨
𝑩
𝑪
𝑫
𝑬
𝑭
𝑮
𝑯
𝑰
𝑱
𝑲
𝑳
𝑴
𝑵
𝑶
𝑷
𝑸
𝑹
𝑺
𝑻
𝑼
𝑽
𝑾
𝑿
𝒀
𝒁
𝒂
𝒃
𝒄
𝒅
𝒆
𝒇
𝒈
𝒉
𝒊
𝒋
𝒌
𝒍
𝒎
𝒏
𝒐
𝒑
𝒒
𝒓
𝒔
𝒕
𝒖
𝒗
𝒘
𝒙
𝒚
𝒛
𝒜
𝒞
𝒟
𝒢
𝒥
𝒦
𝒩
𝒪
𝒫
𝒬
𝒮
𝒯
𝒰
𝒱
𝒲
𝒳
𝒴
𝒵
𝒶
𝒷
𝒸
𝒹
𝒻
𝒽
𝒾
𝒿
𝓀
𝓁
𝓂
𝓃
𝓅
𝓆
𝓇
𝓈
𝓉
𝓊
𝓋
𝓌
𝓍
𝓎
𝓏
𝓐
𝓑
𝓒
𝓓
𝓔
𝓕
𝓖
𝓗
𝓘
𝓙
𝓚
𝓛
𝓜
𝓝
𝓞
𝓟
𝓠
𝓡
𝓢
𝓣
𝓤
𝓥
𝓦
𝓧
𝓨
𝓩
𝓪
𝓫
𝓬
𝓭
𝓮
𝓯
𝓰
𝓱
𝓲
𝓳
𝓴
𝓵
𝓶
𝓷
𝓸
𝓹
𝓺
𝓻
𝓼
𝓽
𝓾
𝓿
𝔀
𝔁
𝔂
𝔃
𝔄
𝔅
𝔇
𝔈
𝔉
𝔊
𝔍
𝔎
𝔏
𝔐
𝔑
𝔒
𝔓
𝔔
𝔖
𝔗
𝔘
𝔙
𝔚
𝔛
𝔜
𝔞
𝔟
𝔠
𝔡
𝔢
𝔣
𝔤
𝔥
𝔦
𝔧
𝔨
𝔩
𝔪
𝔫
𝔬
𝔭
𝔮
𝔯
𝔰
𝔱
𝔲
𝔳
𝔴
𝔵
𝔶
𝔷
𝔸
𝔹
𝔻
𝔼
𝔽
𝔾
𝕀
𝕁
𝕂
𝕃
𝕄
𝕆
𝕊
𝕋
𝕌
𝕍
𝕎
𝕏
𝕐
𝕒
𝕓
𝕔
𝕕
𝕖
𝕗
𝕘
𝕙
𝕚
𝕛
𝕜
𝕝
𝕞
𝕟
𝕠
𝕡
𝕢
𝕣
𝕤
𝕥
𝕦
𝕧
𝕨
𝕩
𝕪
𝕫
𝕬
𝕭
𝕮
𝕯
𝕰
𝕱
𝕲
𝕳
𝕴
𝕵
𝕶
𝕷
𝕸
𝕹
𝕺
𝕻
𝕼
𝕽
𝕾
𝕿
𝖀
𝖁
𝖂
𝖃
𝖄
𝖅
𝖆
𝖇
𝖈
𝖉
𝖊
𝖋
𝖌
𝖍
𝖎
𝖏
𝖐
𝖑
𝖒
𝖓
𝖔
𝖕
𝖖
𝖗
𝖘
𝖙
𝖚
𝖛
𝖜
𝖝
𝖞
𝖟
𝖠
𝖡
𝖢
𝖣
𝖤
𝖥
𝖦
𝖧
𝖨
𝖩
𝖪
𝖫
𝖬
𝖭
𝖮
𝖯
𝖰
𝖱
𝖲
𝖳
𝖴
𝖵
𝖶
𝖷
𝖸
𝖹
𝖺
𝖻
𝖼
𝖽
𝖾
𝖿
𝗀
𝗁
𝗂
𝗃
𝗄
𝗅
𝗆
𝗇
𝗈
𝗉
𝗊
𝗋
𝗌
𝗍
𝗎
𝗏
𝗐
𝗑
𝗒
𝗓
𝗔
𝗕
𝗖
𝗗
𝗘
𝗙
𝗚
𝗛
𝗜
𝗝
𝗞
𝗟
𝗠
𝗡
𝗢
𝗣
𝗤
𝗥
𝗦
𝗧
𝗨
𝗩
𝗪
𝗫
𝗬
𝗭
𝗮
𝗯
𝗰
𝗱
𝗲
𝗳
𝗴
𝗵
𝗶
𝗷
𝗸
𝗹
𝗺
𝗻
𝗼
𝗽
𝗾
𝗿
𝘀
𝘁
𝘂
𝘃
𝘄
𝘅
𝘆
𝘇
𝘈
𝘉
𝘊
𝘋
𝘌
𝘍
𝘎
𝘏
𝘐
𝘑
𝘒
𝘓
𝘔
𝘕
𝘖
𝘗
𝘘
𝘙
𝘚
𝘛
𝘜
𝘝
𝘞
𝘟
𝘠
𝘡
𝘢
𝘣
𝘤
𝘥
𝘦
𝘧
𝘨
𝘩
𝘪
𝘫
𝘬
𝘭
𝘮
𝘯
𝘰
𝘱
𝘲
𝘳
𝘴
𝘵
𝘶
𝘷
𝘸
𝘹
𝘺
𝘻
𝘼
𝘽
𝘾
𝘿
𝙀
𝙁
𝙂
𝙃
𝙄
𝙅
𝙆
𝙇
𝙈
𝙉
𝙊
𝙋
𝙌
𝙍
𝙎
𝙏
𝙐
𝙑
𝙒
𝙓
𝙔
𝙕
𝙖
𝙗
𝙘
𝙙
𝙚
𝙛
𝙜
𝙝
𝙞
𝙟
𝙠
𝙡
𝙢
𝙣
𝙤
𝙥
𝙦
𝙧
𝙨
𝙩
𝙪
𝙫
𝙬
𝙭
𝙮
𝙯
𝙰
𝙱
𝙲
𝙳
𝙴
𝙵
𝙶
𝙷
𝙸
𝙹
𝙺
𝙻
𝙼
𝙽
𝙾
𝙿
𝚀
𝚁
𝚂
𝚃
𝚄
𝚅
𝚆
𝚇
𝚈
𝚉
𝚊
𝚋
𝚌
𝚍
𝚎
𝚏
𝚐
𝚑
𝚒
𝚓
𝚔
𝚕
𝚖
𝚗
𝚘
𝚙
𝚚
𝚛
𝚜
𝚝
𝚞
𝚟
𝚠
𝚡
𝚢
𝚣
𝚤
𝚥
𝚨
𝚩
𝚪
𝚫
𝚬
𝚭
𝚮
𝚯
𝚰
𝚱
𝚲
𝚳
𝚴
𝚵
𝚶
𝚷
𝚸
𝚹
𝚺
𝚻
𝚼
𝚽
𝚾
𝚿
𝛀
𝛁
𝛂
𝛃
𝛄
𝛅
𝛆
𝛇
𝛈
𝛉
𝛊
𝛋
𝛌
𝛍
𝛎
𝛏
𝛐
𝛑
𝛒
𝛓
𝛔
𝛕
𝛖
𝛗
𝛘
𝛙
𝛚
𝛛
𝛜
𝛝
𝛞
𝛟
𝛠
𝛡
𝛢
𝛣
𝛤
𝛥
𝛦
𝛧
𝛨
𝛩
𝛪
𝛫
𝛬
𝛭
𝛮
𝛯
𝛰
𝛱
𝛲
𝛳
𝛴
𝛵
𝛶
𝛷
𝛸
𝛹
𝛺
𝛻
𝛼
𝛽
𝛾
𝛿
𝜀
𝜁
𝜂
𝜃
𝜄
𝜅
𝜆
𝜇
𝜈
𝜉
𝜊
𝜋
𝜌
𝜍
𝜎
𝜏
𝜐
𝜑
𝜒
𝜓
𝜔
𝜕
𝜖
𝜗
𝜘
𝜙
𝜚
𝜛
𝜜
𝜝
𝜞
𝜟
𝜠
𝜡
𝜢
𝜣
𝜤
𝜥
𝜦
𝜧
𝜨
𝜩
𝜪
𝜫
𝜬
𝜭
𝜮
𝜯
𝜰
𝜱
𝜲
𝜳
𝜴
𝜵
𝜶
𝜷
𝜸
𝜹
𝜺
𝜻
𝜼
𝜽
𝜾
𝜿
𝝀
𝝁
𝝂
𝝃
𝝄
𝝅
𝝆
𝝇
𝝈
𝝉
𝝊
𝝋
𝝌
𝝍
𝝎
𝝏
𝝐
𝝑
𝝒
𝝓
𝝔
𝝕
𝝖
𝝗
𝝘
𝝙
𝝚
𝝛
𝝜
𝝝
𝝞
𝝟
𝝠
𝝡
𝝢
𝝣
𝝤
𝝥
𝝦
𝝧
𝝨
𝝩
𝝪
𝝫
𝝬
𝝭
𝝮
𝝯
𝝰
𝝱
𝝲
𝝳
𝝴
𝝵
𝝶
𝝷
𝝸
𝝹
𝝺
𝝻
𝝼
𝝽
𝝾
𝝿
𝞀
𝞁
𝞂
𝞃
𝞄
𝞅
𝞆
𝞇
𝞈
𝞉
𝞊
𝞋
𝞌
𝞍
𝞎
𝞏
𝞐
𝞑
𝞒
𝞓
𝞔
𝞕
𝞖
𝞗
𝞘
𝞙
𝞚
𝞛
𝞜
𝞝
𝞞
𝞟
𝞠
𝞡
𝞢
𝞣
𝞤
𝞥
𝞦
𝞧
𝞨
𝞩
𝞪
𝞫
𝞬
𝞭
𝞮
𝞯
𝞰
𝞱
𝞲
𝞳
𝞴
𝞵
𝞶
𝞷
𝞸
𝞹
𝞺
𝞻
𝞼
𝞽
𝞾
𝞿
𝟀
𝟁
𝟂
𝟃
𝟄
𝟅
𝟆
𝟇
𝟈
𝟉
𝟊
𝟋
𝟎
𝟏
𝟐
𝟑
𝟒
𝟓
𝟔
𝟕
𝟖
𝟗
𝟘
𝟙
𝟚
𝟛
𝟜
𝟝
𝟞
𝟟
𝟠
𝟡
𝟢
𝟣
𝟤
𝟥
𝟦
𝟧
𝟨
𝟩
𝟪
𝟫
𝟬
𝟭
𝟮
𝟯
𝟰
𝟱
𝟲
𝟳
𝟴
𝟵
𝟶
𝟷
𝟸
𝟹
𝟺
𝟻
𝟼
𝟽
𝟾
𝟿
𞸀
𞸁
𞸂
𞸃
𞸅
𞸆
𞸇
𞸈
𞸉
𞸊
𞸋
𞸌
𞸍
𞸎
𞸏
𞸐
𞸑
𞸒
𞸓
𞸔
𞸕
𞸖
𞸗
𞸘
𞸙
𞸚
𞸛
𞸜
𞸝
𞸞
𞸟
𞸡
𞸢
𞸤
𞸧
𞸩
𞸪
𞸫
𞸬
𞸭
𞸮
𞸯
𞸰
𞸱
𞸲
𞸴
𞸵
𞸶
𞸷
𞸹
𞸻
𞹂
𞹇
𞹉
𞹋
𞹍
𞹎
𞹏
𞹑
𞹒
𞹔
𞹗
𞹙
𞹛
𞹝
𞹟
𞹡
𞹢
𞹤
𞹧
𞹨
𞹩
𞹪
𞹬
𞹭
𞹮
𞹯
𞹰
𞹱
𞹲
𞹴
𞹵
𞹶
𞹷
𞹹
𞹺
𞹻
𞹼
𞹾
𞺀
𞺁
𞺂
𞺃
𞺄
𞺅
𞺆
𞺇
𞺈
𞺉
𞺋
𞺌
𞺍
𞺎
𞺏
𞺐
𞺑
𞺒
𞺓
𞺔
𞺕
𞺖
𞺗
𞺘
𞺙
𞺚
𞺛
𞺡
𞺢
𞺣
𞺥
𞺦
𞺧
𞺨
𞺩
𞺫
𞺬
𞺭
𞺮
𞺯
𞺰
𞺱
𞺲
𞺳
𞺴
𞺵
𞺶
𞺷
𞺸
𞺹
𞺺
𞺻
🄀
🄁
🄂
🄃
🄄
🄅
🄆
🄇
🄈
🄉
🄊
🄐
🄑
🄒
🄓
🄔
🄕
🄖
🄗
🄘
🄙
🄚
🄛
🄜
🄝
🄞
🄟
🄠
🄡
🄢
🄣
🄤
🄥
🄦
🄧
🄨
🄩
🄪
🄫
🄬
🄭
🄮
🄰
🄱
🄲
🄳
🄴
🄵
🄶
🄷
🄸
🄹
🄺
🄻
🄼
🄽
🄾
🄿
🅀
🅁
🅂
🅃
🅄
🅅
🅆
🅇
🅈
🅉
🅊
🅋
🅌
🅍
🅎
🅏
🅪
🅫
🅬
🆐
🈀
🈁
🈂
🈐
🈑
🈒
🈓
🈔
🈕
🈖
🈗
🈘
🈙
🈚
🈛
🈜
🈝
🈞
🈟
🈠
🈡
🈢
🈣
🈤
🈥
🈦
🈧
🈨
🈩
🈪
🈫
🈬
🈭
🈮
🈯
🈰
🈱
🈲
🈳
🈴
🈵
🈶
🈷
🈸
🈹
🈺
🈻
🉀
🉁
🉂
🉃
🉄
🉅
🉆
🉇
🉈
🉐
🉑
丽
丸
乁
𠄢
你
侮
侻
倂
偺
備
僧
像
㒞
𠘺
免
兔
兤
具
𠔜
㒹
內
再
𠕋
冗
冤
仌
冬
况
𩇟
凵
刃
㓟
刻
剆
割
剷
㔕
勇
勉
勤
勺
包
匆
北
卉
卑
博
即
卽
卿
卿
卿
𠨬
灰
及
叟
𠭣
叫
叱
吆
咞
吸
呈
周
咢
哶
唐
啓
啣
善
善
喙
喫
喳
嗂
圖
嘆
圗
噑
噴
切
壮
城
埴
堍
型
堲
報
墬
𡓤
売
壷
夆
多
夢
奢
𡚨
𡛪
姬
娛
娧
姘
婦
㛮
㛼
嬈
嬾
嬾
𡧈
寃
寘
寧
寳
𡬘
寿
将
当
尢
㞁
屠
屮
峀
岍
𡷤
嵃
𡷦
嵮
嵫
嵼
巡
巢
㠯
巽
帨
帽
幩
㡢
𢆃
㡼
庰
庳
庶
廊
𪎒
廾
𢌱
𢌱
舁
弢
弢
㣇
𣊸
𦇚
形
彫
㣣
徚
忍
志
忹
悁
㤺
㤜
悔
𢛔
惇
慈
慌
慎
慌
慺
憎
憲
憤
憯
懞
懲
懶
成
戛
扝
抱
拔
捐
𢬌
挽
拼
捨
掃
揤
𢯱
搢
揅
掩
㨮
摩
摾
撝
摷
㩬
敏
敬
𣀊
旣
書
晉
㬙
暑
㬈
㫤
冒
冕
最
暜
肭
䏙
朗
望
朡
杞
杓
𣏃
㭉
柺
枅
桒
梅
𣑭
梎
栟
椔
㮝
楂
榣
槪
檨
𣚣
櫛
㰘
次
𣢧
歔
㱎
歲
殟
殺
殻
𣪍
𡴋
𣫺
汎
𣲼
沿
泍
汧
洖
派
海
流
浩
浸
涅
𣴞
洴
港
湮
㴳
滋
滇
𣻑
淹
潮
𣽞
𣾎
濆
瀹
瀞
瀛
㶖
灊
災
灷
炭
𠔥
煅
𤉣
熜
𤎫
爨
爵
牐
𤘈
犀
犕
𤜵
𤠔
獺
王
㺬
玥
㺸
㺸
瑇
瑜
瑱
璅
瓊
㼛
甤
𤰶
甾
𤲒
異
𢆟
瘐
𤾡
𤾸
𥁄
㿼
䀈
直
𥃳
𥃲
𥄙
𥄳
眞
真
真
睊
䀹
瞋
䁆
䂖
𥐝
硎
碌
磌
䃣
𥘦
祖
𥚚
𥛅
福
秫
䄯
穀
穊
穏
𥥼
𥪧
𥪧
竮
䈂
𥮫
篆
築
䈧
𥲀
糒
䊠
糨
糣
紀
𥾆
絣
䌁
緇
縂
繅
䌴
𦈨
𦉇
䍙
𦋙
罺
𦌾
羕
翺
者
𦓚
𦔣
聠
𦖨
聰
𣍟
䏕
育
脃
䐋
脾
媵
𦞧
𦞵
𣎓
𣎜
舁
舄
辞
䑫
芑
芋
芝
劳
花
芳
芽
苦
𦬼
若
茝
荣
莭
茣
莽
菧
著
荓
菊
菌
菜
𦰶
𦵫
𦳕
䔫
蓱
蓳
蔖
𧏊
蕤
𦼬
䕝
䕡
𦾱
𧃒
䕫
虐
虜
虧
虩
蚩
蚈
蜎
蛢
蝹
蜨
蝫
螆
䗗
蟡
蠁
䗹
衠
衣
𧙧
裗
裞
䘵
裺
㒻
𧢮
𧥦
䚾
䛇
誠
諭
變
豕
𧲨
貫
賁
贛
起
𧼯
𠠄
跋
趼
跰
𠣞
軔
輸
𨗒
𨗭
邔
郱
鄑
𨜮
鄛
鈸
鋗
鋘
鉼
鏹
鐕
𨯺
開
䦕
閷
𨵷
䧦
雃
嶲
霣
𩅅
𩈚
䩮
䩶
韠
𩐊
䪲
𩒖
頋
頋
頩
𩖶
飢
䬳
餩
馧
駂
駾
䯎
𩬰
鬒
鱀
鳽
䳎
䳭
鵧
𪃎
䳸
𪄅
𪈎
𪊑
麻
䵖
黹
黾
鼅
鼏
鼖
鼻
𪘀
