a
b
c
d
e
f
g
h
i
j
k
l
m
n
o
p
q
r
s
t
u
v
w
x
y
z
µ
ß
à
á
â
ã
ä
å
æ
ç
è
é
ê
ë
ì
í
î
ï
ð
ñ
ò
ó
ô
õ
ö
ø
ù
ú
û
ü
ý
þ
ÿ
ā
ă
ą
ć
ĉ
ċ
č
ď
đ
ē
ĕ
ė
ę
ě
ĝ
ğ
ġ
ģ
ĥ
ħ
ĩ
ī
ĭ
į
ı
ĳ
ĵ
ķ
ĸ
ĺ
ļ
ľ
ŀ
ł
ń
ņ
ň
ŉ
ŋ
ō
ŏ
ő
œ
ŕ
ŗ
ř
ś
ŝ
ş
š
ţ
ť
ŧ
ũ
ū
ŭ
ů
ű
ų
ŵ
ŷ
ź
ż
ž
ſ
ƀ
ƃ
ƅ
ƈ
ƌ
ƍ
ƒ
ƕ
ƙ
ƚ
ƛ
ƞ
ơ
ƣ
ƥ
ƨ
ƪ
ƫ
ƭ
ư
ƴ
ƶ
ƹ
ƺ
ƽ
ƾ
ƿ
ǆ
ǉ
ǌ
ǎ
ǐ
ǒ
ǔ
ǖ
ǘ
ǚ
ǜ
ǝ
ǟ
ǡ
ǣ
ǥ
ǧ
ǩ
ǫ
ǭ
ǯ
ǰ
ǳ
ǵ
ǹ
ǻ
ǽ
ǿ
ȁ
ȃ
ȅ
ȇ
ȉ
ȋ
ȍ
ȏ
ȑ
ȓ
ȕ
ȗ
ș
ț
ȝ
ȟ
ȡ
ȣ
ȥ
ȧ
ȩ
ȫ
ȭ
ȯ
ȱ
ȳ
ȴ
ȵ
ȶ
ȷ
ȸ
ȹ
ȼ
ȿ
ɀ
ɂ
ɇ
ɉ
ɋ
ɍ
ɏ
ɐ
ɑ
ɒ
ɓ
ɔ
ɕ
ɖ
ɗ
ɘ
ə
ɚ
ɛ
ɜ
ɝ
ɞ
ɟ
ɠ
ɡ
ɢ
ɣ
ɤ
ɥ
ɦ
ɧ
ɨ
ɩ
ɪ
ɫ
ɬ
ɭ
ɮ
ɯ
ɰ
ɱ
ɲ
ɳ
ɴ
ɵ
ɶ
ɷ
ɸ
ɹ
ɺ
ɻ
ɼ
ɽ
ɾ
ɿ
ʀ
ʁ
ʂ
ʃ
ʄ
ʅ
ʆ
ʇ
ʈ
ʉ
ʊ
ʋ
ʌ
ʍ
ʎ
ʏ
ʐ
ʑ
ʒ
ʓ
ʕ
ʖ
ʗ
ʘ
ʙ
ʚ
ʛ
ʜ
ʝ
ʞ
ʟ
ʠ
ʡ
ʢ
ʣ
ʤ
ʥ
ʦ
ʧ
ʨ
ʩ
ʪ
ʫ
ʬ
ʭ
ʮ
ʯ
ͱ
ͳ
ͷ
ͻ
ͼ
ͽ
ΐ
ά
έ
ή
ί
ΰ
α
β
γ
δ
ε
ζ
η
θ
ι
κ
λ
μ
ν
ξ
ο
π
ρ
ς
σ
τ
υ
φ
χ
ψ
ω
ϊ
ϋ
ό
ύ
ώ
ϐ
ϑ
ϕ
ϖ
ϗ
ϙ
ϛ
ϝ
ϟ
ϡ
ϣ
ϥ
ϧ
ϩ
ϫ
ϭ
ϯ
ϰ
ϱ
ϲ
ϳ
ϵ
ϸ
ϻ
ϼ
а
б
в
г
д
е
ж
з
и
й
к
л
м
н
о
п
р
с
т
у
ф
х
ц
ч
ш
щ
ъ
ы
ь
э
ю
я
ѐ
ё
ђ
ѓ
є
ѕ
і
ї
ј
љ
њ
ћ
ќ
ѝ
ў
џ
ѡ
ѣ
ѥ
ѧ
ѩ
ѫ
ѭ
ѯ
ѱ
ѳ
ѵ
ѷ
ѹ
ѻ
ѽ
ѿ
ҁ
ҋ
ҍ
ҏ
ґ
ғ
ҕ
җ
ҙ
қ
ҝ
ҟ
ҡ
ң
ҥ
ҧ
ҩ
ҫ
ҭ
ү
ұ
ҳ
ҵ
ҷ
ҹ
һ
ҽ
ҿ
ӂ
ӄ
ӆ
ӈ
ӊ
ӌ
ӎ
ӏ
ӑ
ӓ
ӕ
ӗ
ә
ӛ
ӝ
ӟ
ӡ
ӣ
ӥ
ӧ
ө
ӫ
ӭ
ӯ
ӱ
ӳ
ӵ
ӷ
ӹ
ӻ
ӽ
ӿ
ԁ
ԃ
ԅ
ԇ
ԉ
ԋ
ԍ
ԏ
ԑ
ԓ
ԕ
ԗ
ԙ
ԛ
ԝ
ԟ
ԡ
ԣ
ԥ
ԧ
ԩ
ԫ
ԭ
ԯ
ՠ
ա
բ
գ
դ
ե
զ
է
ը
թ
ժ
ի
լ
խ
ծ
կ
հ
ձ
ղ
ճ
մ
յ
ն
շ
ո
չ
պ
ջ
ռ
ս
վ
տ
ր
ց
ւ
փ
ք
օ
ֆ
և
ֈ
ა
ბ
გ
დ
ე
ვ
ზ
თ
ი
კ
ლ
მ
ნ
ო
პ
ჟ
რ
ს
ტ
უ
ფ
ქ
ღ
ყ
შ
ჩ
ც
ძ
წ
ჭ
ხ
ჯ
ჰ
ჱ
ჲ
ჳ
ჴ
ჵ
ჶ
ჷ
ჸ
ჹ
ჺ
ჽ
ჾ
ჿ
ᏸ
ᏹ
ᏺ
ᏻ
ᏼ
ᏽ
ᲀ
ᲁ
ᲂ
ᲃ
ᲄ
ᲅ
ᲆ
ᲇ
ᲈ
ᴀ
ᴁ
ᴂ
ᴃ
ᴄ
ᴅ
ᴆ
ᴇ
ᴈ
ᴉ
ᴊ
ᴋ
ᴌ
ᴍ
ᴎ
ᴏ
ᴐ
ᴑ
ᴒ
ᴓ
ᴔ
ᴕ
ᴖ
ᴗ
ᴘ
ᴙ
ᴚ
ᴛ
ᴜ
ᴝ
ᴞ
ᴟ
ᴠ
ᴡ
ᴢ
ᴣ
ᴤ
ᴥ
ᴦ
ᴧ
ᴨ
ᴩ
ᴪ
ᴫ
ᵫ
ᵬ
ᵭ
ᵮ
ᵯ
ᵰ
ᵱ
ᵲ
ᵳ
ᵴ
ᵵ
ᵶ
ᵷ
ᵹ
ᵺ
ᵻ
ᵼ
ᵽ
ᵾ
ᵿ
ᶀ
ᶁ
ᶂ
ᶃ
ᶄ
ᶅ
ᶆ
ᶇ
ᶈ
ᶉ
ᶊ
ᶋ
ᶌ
ᶍ
ᶎ
ᶏ
ᶐ
ᶑ
ᶒ
ᶓ
ᶔ
ᶕ
ᶖ
ᶗ
ᶘ
ᶙ
ᶚ
ḁ
ḃ
ḅ
ḇ
ḉ
ḋ
ḍ
ḏ
ḑ
ḓ
ḕ
ḗ
ḙ
ḛ
ḝ
ḟ
ḡ
ḣ
ḥ
ḧ
ḩ
ḫ
ḭ
ḯ
ḱ
ḳ
ḵ
ḷ
ḹ
ḻ
ḽ
ḿ
ṁ
ṃ
ṅ
ṇ
ṉ
ṋ
ṍ
ṏ
ṑ
ṓ
ṕ
ṗ
ṙ
ṛ
ṝ
ṟ
ṡ
ṣ
ṥ
ṧ
ṩ
ṫ
ṭ
ṯ
ṱ
ṳ
ṵ
ṷ
ṹ
ṻ
ṽ
ṿ
ẁ
ẃ
ẅ
ẇ
ẉ
ẋ
ẍ
ẏ
ẑ
ẓ
ẕ
ẖ
ẗ
ẘ
ẙ
ẚ
ẛ
ẜ
ẝ
ẟ
ạ
ả
ấ
ầ
ẩ
ẫ
ậ
ắ
ằ
ẳ
ẵ
ặ
ẹ
ẻ
ẽ
ế
ề
ể
ễ
ệ
ỉ
ị
ọ
ỏ
ố
ồ
ổ
ỗ
ộ
ớ
ờ
ở
ỡ
ợ
ụ
ủ
ứ
ừ
ử
ữ
ự
ỳ
ỵ
ỷ
ỹ
ỻ
ỽ
ỿ
ἀ
ἁ
ἂ
ἃ
ἄ
ἅ
ἆ
ἇ
ἐ
ἑ
ἒ
ἓ
ἔ
ἕ
ἠ
ἡ
ἢ
ἣ
ἤ
ἥ
ἦ
ἧ
ἰ
ἱ
ἲ
ἳ
ἴ
ἵ
ἶ
ἷ
ὀ
ὁ
ὂ
ὃ
ὄ
ὅ
ὐ
ὑ
ὒ
ὓ
ὔ
ὕ
ὖ
ὗ
ὠ
ὡ
ὢ
ὣ
ὤ
ὥ
ὦ
ὧ
ὰ
ά
ὲ
έ
ὴ
ή
ὶ
ί
ὸ
ό
ὺ
ύ
ὼ
ώ
ᾀ
ᾁ
ᾂ
ᾃ
ᾄ
ᾅ
ᾆ
ᾇ
ᾐ
ᾑ
ᾒ
ᾓ
ᾔ
ᾕ
ᾖ
ᾗ
ᾠ
ᾡ
ᾢ
ᾣ
ᾤ
ᾥ
ᾦ
ᾧ
ᾰ
ᾱ
ᾲ
ᾳ
ᾴ
ᾶ
ᾷ
ι
ῂ
ῃ
ῄ
ῆ
ῇ
ῐ
ῑ
ῒ
ΐ
ῖ
ῗ
ῠ
ῡ
ῢ
ΰ
ῤ
ῥ
ῦ
ῧ
ῲ
ῳ
ῴ
ῶ
ῷ
ℊ
ℎ
ℏ
ℓ
ℯ
ℴ
ℹ
ℼ
ℽ
ⅆ
ⅇ
ⅈ
ⅉ
ⅎ
ↄ
ⰰ
ⰱ
ⰲ
ⰳ
ⰴ
ⰵ
ⰶ
ⰷ
ⰸ
ⰹ
ⰺ
ⰻ
ⰼ
ⰽ
ⰾ
ⰿ
ⱀ
ⱁ
ⱂ
ⱃ
ⱄ
ⱅ
ⱆ
ⱇ
ⱈ
ⱉ
ⱊ
ⱋ
ⱌ
ⱍ
ⱎ
ⱏ
ⱐ
ⱑ
ⱒ
ⱓ
ⱔ
ⱕ
ⱖ
ⱗ
ⱘ
ⱙ
ⱚ
ⱛ
ⱜ
ⱝ
ⱞ
ⱡ
ⱥ
ⱦ
ⱨ
ⱪ
ⱬ
ⱱ
ⱳ
ⱴ
ⱶ
ⱷ
ⱸ
ⱹ
ⱺ
ⱻ
ⲁ
ⲃ
ⲅ
ⲇ
ⲉ
ⲋ
ⲍ
ⲏ
ⲑ
ⲓ
ⲕ
ⲗ
ⲙ
ⲛ
ⲝ
ⲟ
ⲡ
ⲣ
ⲥ
ⲧ
ⲩ
ⲫ
ⲭ
ⲯ
ⲱ
ⲳ
ⲵ
ⲷ
ⲹ
ⲻ
ⲽ
ⲿ
ⳁ
ⳃ
ⳅ
ⳇ
ⳉ
ⳋ
ⳍ
ⳏ
ⳑ
ⳓ
ⳕ
ⳗ
ⳙ
ⳛ
ⳝ
ⳟ
ⳡ
ⳣ
ⳤ
ⳬ
ⳮ
ⳳ
ⴀ
ⴁ
ⴂ
ⴃ
ⴄ
ⴅ
ⴆ
ⴇ
ⴈ
ⴉ
ⴊ
ⴋ
ⴌ
ⴍ
ⴎ
ⴏ
ⴐ
ⴑ
ⴒ
ⴓ
ⴔ
ⴕ
ⴖ
ⴗ
ⴘ
ⴙ
ⴚ
ⴛ
ⴜ
ⴝ
ⴞ
ⴟ
ⴠ
ⴡ
ⴢ
ⴣ
ⴤ
ⴥ
ⴧ
ⴭ
ꙁ
ꙃ
ꙅ
ꙇ
ꙉ
ꙋ
ꙍ
ꙏ
ꙑ
ꙓ
ꙕ
ꙗ
ꙙ
ꙛ
ꙝ
ꙟ
ꙡ
ꙣ
ꙥ
ꙧ
ꙩ
ꙫ
ꙭ
ꚁ
ꚃ
ꚅ
ꚇ
ꚉ
ꚋ
ꚍ
ꚏ
ꚑ
ꚓ
ꚕ
ꚗ
ꚙ
ꚛ
ꜣ
ꜥ
ꜧ
ꜩ
ꜫ
ꜭ
ꜯ
ꜰ
ꜱ
ꜳ
ꜵ
ꜷ
ꜹ
ꜻ
ꜽ
ꜿ
ꝁ
ꝃ
ꝅ
ꝇ
ꝉ
ꝋ
ꝍ
ꝏ
ꝑ
ꝓ
ꝕ
ꝗ
ꝙ
ꝛ
ꝝ
ꝟ
ꝡ
ꝣ
ꝥ
ꝧ
ꝩ
ꝫ
ꝭ
ꝯ
ꝱ
ꝲ
ꝳ
ꝴ
ꝵ
ꝶ
ꝷ
ꝸ
ꝺ
ꝼ
ꝿ
ꞁ
ꞃ
ꞅ
ꞇ
ꞌ
ꞎ
ꞑ
ꞓ
ꞔ
ꞕ
ꞗ
ꞙ
ꞛ
ꞝ
ꞟ
ꞡ
ꞣ
ꞥ
ꞧ
ꞩ
ꞯ
ꞵ
ꞷ
ꞹ
ꞻ
ꞽ
ꞿ
ꟃ
ꟺ
ꬰ
ꬱ
ꬲ
ꬳ
ꬴ
ꬵ
ꬶ
ꬷ
ꬸ
ꬹ
ꬺ
ꬻ
ꬼ
ꬽ
ꬾ
ꬿ
ꭀ
ꭁ
ꭂ
ꭃ
ꭄ
ꭅ
ꭆ
ꭇ
ꭈ
ꭉ
ꭊ
ꭋ
ꭌ
ꭍ
ꭎ
ꭏ
ꭐ
ꭑ
ꭒ
ꭓ
ꭔ
ꭕ
ꭖ
ꭗ
ꭘ
ꭙ
ꭚ
ꭠ
ꭡ
ꭢ
ꭣ
ꭤ
ꭥ
ꭦ
ꭧ
ꭰ
ꭱ
ꭲ
ꭳ
ꭴ
ꭵ
ꭶ
ꭷ
ꭸ
ꭹ
ꭺ
ꭻ
ꭼ
ꭽ
ꭾ
ꭿ
ꮀ
ꮁ
ꮂ
ꮃ
ꮄ
ꮅ
ꮆ
ꮇ
ꮈ
ꮉ
ꮊ
ꮋ
ꮌ
ꮍ
ꮎ
ꮏ
ꮐ
ꮑ
ꮒ
ꮓ
ꮔ
ꮕ
ꮖ
ꮗ
ꮘ
ꮙ
ꮚ
ꮛ
ꮜ
ꮝ
ꮞ
ꮟ
ꮠ
ꮡ
ꮢ
ꮣ
ꮤ
ꮥ
ꮦ
ꮧ
ꮨ
ꮩ
ꮪ
ꮫ
ꮬ
ꮭ
ꮮ
ꮯ
ꮰ
ꮱ
ꮲ
ꮳ
ꮴ
ꮵ
ꮶ
ꮷ
ꮸ
ꮹ
ꮺ
ꮻ
ꮼ
ꮽ
ꮾ
ꮿ
ﬀ
ﬁ
ﬂ
ﬃ
ﬄ
ﬅ
ﬆ
ﬓ
ﬔ
ﬕ
ﬖ
ﬗ
ａ
ｂ
ｃ
ｄ
ｅ
ｆ
ｇ
ｈ
ｉ
ｊ
ｋ
ｌ
ｍ
ｎ
ｏ
ｐ
ｑ
ｒ
ｓ
ｔ
ｕ
ｖ
ｗ
ｘ
ｙ
ｚ
𐐨
𐐩
𐐪
𐐫
𐐬
𐐭
𐐮
𐐯
𐐰
𐐱
𐐲
𐐳
𐐴
𐐵
𐐶
𐐷
𐐸
𐐹
𐐺
𐐻
𐐼
𐐽
𐐾
𐐿
𐑀
𐑁
𐑂
𐑃
𐑄
𐑅
𐑆
𐑇
𐑈
𐑉
𐑊
𐑋
𐑌
𐑍
𐑎
𐑏
𐓘
𐓙
𐓚
𐓛
𐓜
𐓝
𐓞
𐓟
𐓠
𐓡
𐓢
𐓣
𐓤
𐓥
𐓦
𐓧
𐓨
𐓩
𐓪
𐓫
𐓬
𐓭
𐓮
𐓯
𐓰
𐓱
𐓲
𐓳
𐓴
𐓵
𐓶
𐓷
𐓸
𐓹
𐓺
𐓻
𐳀
𐳁
𐳂
𐳃
𐳄
𐳅
𐳆
𐳇
𐳈
𐳉
𐳊
𐳋
𐳌
𐳍
𐳎
𐳏
𐳐
𐳑
𐳒
𐳓
𐳔
𐳕
𐳖
𐳗
𐳘
𐳙
𐳚
𐳛
𐳜
𐳝
𐳞
𐳟
𐳠
𐳡
𐳢
𐳣
𐳤
𐳥
𐳦
𐳧
𐳨
𐳩
𐳪
𐳫
𐳬
𐳭
𐳮
𐳯
𐳰
𐳱
𐳲
𑣀
𑣁
𑣂
𑣃
𑣄
𑣅
𑣆
𑣇
𑣈
𑣉
𑣊
𑣋
𑣌
𑣍
𑣎
𑣏
𑣐
𑣑
𑣒
𑣓
𑣔
𑣕
𑣖
𑣗
𑣘
𑣙
𑣚
𑣛
𑣜
𑣝
𑣞
𑣟
𖹠
𖹡
𖹢
𖹣
𖹤
𖹥
𖹦
𖹧
𖹨
𖹩
𖹪
𖹫
𖹬
𖹭
𖹮
𖹯
𖹰
𖹱
𖹲
𖹳
𖹴
𖹵
𖹶
𖹷
𖹸
𖹹
𖹺
𖹻
𖹼
𖹽
𖹾
𖹿
𝐚
𝐛
𝐜
𝐝
𝐞
𝐟
𝐠
𝐡
𝐢
𝐣
𝐤
𝐥
𝐦
𝐧
𝐨
𝐩
𝐪
𝐫
𝐬
𝐭
𝐮
𝐯
𝐰
𝐱
𝐲
𝐳
𝑎
𝑏
𝑐
𝑑
𝑒
𝑓
𝑔
𝑖
𝑗
𝑘
𝑙
𝑚
𝑛
𝑜
𝑝
𝑞
𝑟
𝑠
𝑡
𝑢
𝑣
𝑤
𝑥
𝑦
𝑧
𝒂
𝒃
𝒄
𝒅
𝒆
𝒇
𝒈
𝒉
𝒊
𝒋
𝒌
𝒍
𝒎
𝒏
𝒐
𝒑
𝒒
𝒓
𝒔
𝒕
𝒖
𝒗
𝒘
𝒙
𝒚
𝒛
𝒶
𝒷
𝒸
𝒹
𝒻
𝒽
𝒾
𝒿
𝓀
𝓁
𝓂
𝓃
𝓅
𝓆
𝓇
𝓈
𝓉
𝓊
𝓋
𝓌
𝓍
𝓎
𝓏
𝓪
𝓫
𝓬
𝓭
𝓮
𝓯
𝓰
𝓱
𝓲
𝓳
𝓴
𝓵
𝓶
𝓷
𝓸
𝓹
𝓺
𝓻
𝓼
𝓽
𝓾
𝓿
𝔀
𝔁
𝔂
𝔃
𝔞
𝔟
𝔠
𝔡
𝔢
𝔣
𝔤
𝔥
𝔦
𝔧
𝔨
𝔩
𝔪
𝔫
𝔬
𝔭
𝔮
𝔯
𝔰
𝔱
𝔲
𝔳
𝔴
𝔵
𝔶
𝔷
𝕒
𝕓
𝕔
𝕕
𝕖
𝕗
𝕘
𝕙
𝕚
𝕛
𝕜
𝕝
𝕞
𝕟
𝕠
𝕡
𝕢
𝕣
𝕤
𝕥
𝕦
𝕧
𝕨
𝕩
𝕪
𝕫
𝖆
𝖇
𝖈
𝖉
𝖊
𝖋
𝖌
𝖍
𝖎
𝖏
𝖐
𝖑
𝖒
𝖓
𝖔
𝖕
𝖖
𝖗
𝖘
𝖙
𝖚
𝖛
𝖜
𝖝
𝖞
𝖟
𝖺
𝖻
𝖼
𝖽
𝖾
𝖿
𝗀
𝗁
𝗂
𝗃
𝗄
𝗅
𝗆
𝗇
𝗈
𝗉
𝗊
𝗋
𝗌
𝗍
𝗎
𝗏
𝗐
𝗑
𝗒
𝗓
𝗮
𝗯
𝗰
𝗱
𝗲
𝗳
𝗴
𝗵
𝗶
𝗷
𝗸
𝗹
𝗺
𝗻
𝗼
𝗽
𝗾
𝗿
𝘀
𝘁
𝘂
𝘃
𝘄
𝘅
𝘆
𝘇
𝘢
𝘣
𝘤
𝘥
𝘦
𝘧
𝘨
𝘩
𝘪
𝘫
𝘬
𝘭
𝘮
𝘯
𝘰
𝘱
𝘲
𝘳
𝘴
𝘵
𝘶
𝘷
𝘸
𝘹
𝘺
𝘻
𝙖
𝙗
𝙘
𝙙
𝙚
𝙛
𝙜
𝙝
𝙞
𝙟
𝙠
𝙡
𝙢
𝙣
𝙤
𝙥
𝙦
𝙧
𝙨
𝙩
𝙪
𝙫
𝙬
𝙭
𝙮
𝙯
𝚊
𝚋
𝚌
𝚍
𝚎
𝚏
𝚐
𝚑
𝚒
𝚓
𝚔
𝚕
𝚖
𝚗
𝚘
𝚙
𝚚
𝚛
𝚜
𝚝
𝚞
𝚟
𝚠
𝚡
𝚢
𝚣
𝚤
𝚥
𝛂
𝛃
𝛄
𝛅
𝛆
𝛇
𝛈
𝛉
𝛊
𝛋
𝛌
𝛍
𝛎
𝛏
𝛐
𝛑
𝛒
𝛓
𝛔
𝛕
𝛖
𝛗
𝛘
𝛙
𝛚
𝛜
𝛝
𝛞
𝛟
𝛠
𝛡
𝛼
𝛽
𝛾
𝛿
𝜀
𝜁
𝜂
𝜃
𝜄
𝜅
𝜆
𝜇
𝜈
𝜉
𝜊
𝜋
𝜌
𝜍
𝜎
𝜏
𝜐
𝜑
𝜒
𝜓
𝜔
𝜖
𝜗
𝜘
𝜙
𝜚
𝜛
𝜶
𝜷
𝜸
𝜹
𝜺
𝜻
𝜼
𝜽
𝜾
𝜿
𝝀
𝝁
𝝂
𝝃
𝝄
𝝅
𝝆
𝝇
𝝈
𝝉
𝝊
𝝋
𝝌
𝝍
𝝎
𝝐
𝝑
𝝒
𝝓
𝝔
𝝕
𝝰
𝝱
𝝲
𝝳
𝝴
𝝵
𝝶
𝝷
𝝸
𝝹
𝝺
𝝻
𝝼
𝝽
𝝾
𝝿
𝞀
𝞁
𝞂
𝞃
𝞄
𝞅
𝞆
𝞇
𝞈
𝞊
𝞋
𝞌
𝞍
𝞎
𝞏
𝞪
𝞫
𝞬
𝞭
𝞮
𝞯
𝞰
𝞱
𝞲
𝞳
𝞴
𝞵
𝞶
𝞷
𝞸
𝞹
𝞺
𝞻
𝞼
𝞽
𝞾
𝞿
𝟀
𝟁
𝟂
𝟄
𝟅
𝟆
𝟇
𝟈
𝟉
𝟋
𞤢
𞤣
𞤤
𞤥
𞤦
𞤧
𞤨
𞤩
𞤪
𞤫
𞤬
𞤭
𞤮
𞤯
𞤰
𞤱
𞤲
𞤳
𞤴
𞤵
𞤶
𞤷
𞤸
𞤹
𞤺
𞤻
𞤼
𞤽
𞤾
𞤿
𞥀
𞥁
𞥂
𞥃
