---
A
B
C
---
---
A
B
C
D
E
F
G
---
---
A
B
C
a
b
c
d
e
f
g
---
