a
b
c
d
e
f
g
Threw a NSRangeException exception
Threw a NSRangeException exception
a
b
e
f
g
Threw a NSRangeException exception
