0/0: 
0/1:  
B
L
V
c
f
h
m
o
u
0/2:  
,
.
L
Q
U
a
b
c
d
e
f
g
h
i
l
m
n
o
p
q
r
s
t
u
v
x
0/3: ☃
☄
️
🏾
👍
0/4: 
0/5: 
1/0: @
1/1: 
1/2: ,
.
Q
U
a
b
d
e
g
i
l
n
p
q
r
s
t
v
x
1/3: ☃
☄
️
🏾
👍
1/4: 
1/5: 
2/0: 1
4
8
@
2/1: 1
4
8
B
V
2/2: 
2/3: ☃
☄
️
🏾
👍
2/4: 
2/5: 
3/0: 1
4
8
@
3/1:  
1
4
8
B
L
V
c
f
h
m
o
u
3/2:  
,
.
L
Q
U
a
b
c
d
e
f
g
h
i
l
m
n
o
p
q
r
s
t
u
v
x
3/3: 
3/4: 
3/5: 
4/0: 1
4
8
@
4/1:  
1
4
8
B
L
V
c
f
h
m
o
u
4/2:  
,
.
L
Q
U
a
b
c
d
e
f
g
h
i
l
m
n
o
p
q
r
s
t
u
v
x
4/3: ☃
☄
️
🏾
👍
4/4: 
4/5: 
5/0: 1
4
8
@
5/1:  
1
4
8
B
L
V
c
f
h
m
o
u
5/2:  
,
.
L
Q
U
a
b
c
d
e
f
g
h
i
l
m
n
o
p
q
r
s
t
u
v
x
5/3: ☃
☄
️
🏾
👍
5/4: 
5/5: 
