-2:-2 : -2 = FAIL
-1:-2 : -2 = FAIL
0:-2 : -2 = OK
1:-2 : -2 = FAIL
2:-2 : -2 = FAIL
-2:-1 : -2 = FAIL
-1:-1 : -2 = FAIL
0:-1 : -2 = FAIL
1:-1 : -2 = FAIL
2:-1 : -2 = FAIL
-2:0 : -2 = OK
-1:0 : -2 = FAIL
0:0 : -2 = OK
1:0 : -2 = OK
2:0 : -2 = OK
-2:1 : -2 = FAIL
-1:1 : -2 = FAIL
0:1 : -2 = OK
1:1 : -2 = OK
2:1 : -2 = OK
-2:2 : -2 = FAIL
-1:2 : -2 = FAIL
0:2 : -2 = OK
1:2 : -2 = OK
2:2 : -2 = OK
-2:-2 : -1 = FAIL
-1:-2 : -1 = FAIL
0:-2 : -1 = OK
1:-2 : -1 = OK
2:-2 : -1 = FAIL
-2:-1 : -1 = FAIL
-1:-1 : -1 = FAIL
0:-1 : -1 = OK
1:-1 : -1 = FAIL
2:-1 : -1 = FAIL
-2:0 : -1 = OK
-1:0 : -1 = OK
0:0 : -1 = OK
1:0 : -1 = OK
2:0 : -1 = OK
-2:1 : -1 = OK
-1:1 : -1 = FAIL
0:1 : -1 = OK
1:1 : -1 = OK
2:1 : -1 = OK
-2:2 : -1 = FAIL
-1:2 : -1 = FAIL
0:2 : -1 = OK
1:2 : -1 = OK
2:2 : -1 = OK
-2:-2 : 0 = FAIL
-1:-2 : 0 = FAIL
0:-2 : 0 = FAIL
1:-2 : 0 = FAIL
2:-2 : 0 = FAIL
-2:-1 : 0 = FAIL
-1:-1 : 0 = FAIL
0:-1 : 0 = FAIL
1:-1 : 0 = FAIL
2:-1 : 0 = FAIL
-2:0 : 0 = FAIL
-1:0 : 0 = FAIL
0:0 : 0 = OK
1:0 : 0 = FAIL
2:0 : 0 = FAIL
-2:1 : 0 = FAIL
-1:1 : 0 = FAIL
0:1 : 0 = FAIL
1:1 : 0 = FAIL
2:1 : 0 = FAIL
-2:2 : 0 = FAIL
-1:2 : 0 = FAIL
0:2 : 0 = FAIL
1:2 : 0 = FAIL
2:2 : 0 = FAIL
-2:-2 : 1 = FAIL
-1:-2 : 1 = FAIL
0:-2 : 1 = FAIL
1:-2 : 1 = FAIL
2:-2 : 1 = FAIL
-2:-1 : 1 = FAIL
-1:-1 : 1 = FAIL
0:-1 : 1 = FAIL
1:-1 : 1 = FAIL
2:-1 : 1 = FAIL
-2:0 : 1 = FAIL
-1:0 : 1 = FAIL
0:0 : 1 = OK
1:0 : 1 = OK
2:0 : 1 = FAIL
-2:1 : 1 = FAIL
-1:1 : 1 = FAIL
0:1 : 1 = OK
1:1 : 1 = FAIL
2:1 : 1 = FAIL
-2:2 : 1 = FAIL
-1:2 : 1 = FAIL
0:2 : 1 = FAIL
1:2 : 1 = FAIL
2:2 : 1 = FAIL
-2:-2 : 2 = FAIL
-1:-2 : 2 = FAIL
0:-2 : 2 = FAIL
1:-2 : 2 = FAIL
2:-2 : 2 = FAIL
-2:-1 : 2 = FAIL
-1:-1 : 2 = FAIL
0:-1 : 2 = FAIL
1:-1 : 2 = FAIL
2:-1 : 2 = FAIL
-2:0 : 2 = FAIL
-1:0 : 2 = FAIL
0:0 : 2 = OK
1:0 : 2 = OK
2:0 : 2 = OK
-2:1 : 2 = FAIL
-1:1 : 2 = FAIL
0:1 : 2 = OK
1:1 : 2 = OK
2:1 : 2 = FAIL
-2:2 : 2 = FAIL
-1:2 : 2 = FAIL
0:2 : 2 = OK
1:2 : 2 = FAIL
2:2 : 2 = FAIL
