{()}
{(
    1848
)}
{(
    " ",
    1848,
    Bochum,
    VfL
)}
{()}
