{()}
{()}
{(
   1;
   1848;
   2;
)}
{(
   1;
   1848;
   2;
)}
{()}
{()}
